Archive member included because of file (symbol)

/home/nilay/STM32/STM32-ArduinoWithDebug/blink/.build/genericSTM32F103C/core/core.a(exc.S.o)
                              (__exc_nmi)
/home/nilay/STM32/STM32-ArduinoWithDebug/blink/.build/genericSTM32F103C/core/core.a(isrs.S.o)
                              (__stm32reservedexception7)
/home/nilay/STM32/STM32-ArduinoWithDebug/blink/.build/genericSTM32F103C/core/core.a(vector_table.S.o)
                              (__stm32_vector_table)
/home/nilay/STM32/STM32-ArduinoWithDebug/blink/.build/genericSTM32F103C/core/core.a(adc.c.o)
                              /home/nilay/STM32/STM32-ArduinoWithDebug/blink/.build/genericSTM32F103C/core/wirish/boards.cpp.o (adc_set_sample_rate)
/home/nilay/STM32/STM32-ArduinoWithDebug/blink/.build/genericSTM32F103C/core/core.a(adc_f1.c.o)
                              (__irq_adc)
/home/nilay/STM32/STM32-ArduinoWithDebug/blink/.build/genericSTM32F103C/core/core.a(dma_f1.c.o)
                              (__irq_dma1_channel1)
/home/nilay/STM32/STM32-ArduinoWithDebug/blink/.build/genericSTM32F103C/core/core.a(exti.c.o)
                              (__irq_exti0)
/home/nilay/STM32/STM32-ArduinoWithDebug/blink/.build/genericSTM32F103C/core/core.a(exti_f1.c.o)
                              /home/nilay/STM32/STM32-ArduinoWithDebug/blink/.build/genericSTM32F103C/core/core.a(exti.c.o) (exti_select)
/home/nilay/STM32/STM32-ArduinoWithDebug/blink/.build/genericSTM32F103C/core/core.a(flash.c.o)
                              /home/nilay/STM32/STM32-ArduinoWithDebug/blink/.build/genericSTM32F103C/core/wirish/boards.cpp.o (flash_set_latency)
/home/nilay/STM32/STM32-ArduinoWithDebug/blink/.build/genericSTM32F103C/core/core.a(gpio_f1.c.o)
                              /home/nilay/STM32/STM32-ArduinoWithDebug/blink/.build/genericSTM32F103C/core/wirish/boards_setup.cpp.o (gpio_init_all)
/home/nilay/STM32/STM32-ArduinoWithDebug/blink/.build/genericSTM32F103C/core/core.a(i2c_f1.c.o)
                              (__irq_i2c1_ev)
/home/nilay/STM32/STM32-ArduinoWithDebug/blink/.build/genericSTM32F103C/core/core.a(nvic.c.o)
                              /home/nilay/STM32/STM32-ArduinoWithDebug/blink/.build/genericSTM32F103C/core/core.a(i2c_f1.c.o) (nvic_irq_set_priority)
/home/nilay/STM32/STM32-ArduinoWithDebug/blink/.build/genericSTM32F103C/core/core.a(rcc.c.o)
                              /home/nilay/STM32/STM32-ArduinoWithDebug/blink/.build/genericSTM32F103C/core/wirish/boards.cpp.o (rcc_switch_sysclk)
/home/nilay/STM32/STM32-ArduinoWithDebug/blink/.build/genericSTM32F103C/core/core.a(rcc_f1.c.o)
                              /home/nilay/STM32/STM32-ArduinoWithDebug/blink/.build/genericSTM32F103C/core/wirish/boards.cpp.o (rcc_configure_pll)
/home/nilay/STM32/STM32-ArduinoWithDebug/blink/.build/genericSTM32F103C/core/core.a(systick.c.o)
                              /home/nilay/STM32/STM32-ArduinoWithDebug/blink/.build/genericSTM32F103C/core/wirish/boards.cpp.o (systick_init)
/home/nilay/STM32/STM32-ArduinoWithDebug/blink/.build/genericSTM32F103C/core/core.a(timer.c.o)
                              /home/nilay/STM32/STM32-ArduinoWithDebug/blink/.build/genericSTM32F103C/core/wirish/boards.cpp.o (timer_foreach)
/home/nilay/STM32/STM32-ArduinoWithDebug/blink/.build/genericSTM32F103C/core/core.a(usart_f1.c.o)
                              (__irq_usart1)
/home/nilay/STM32/STM32-ArduinoWithDebug/blink/.build/genericSTM32F103C/core/core.a(usart_private.c.o)
                              /home/nilay/STM32/STM32-ArduinoWithDebug/blink/.build/genericSTM32F103C/core/core.a(usart_f1.c.o) (_usart_clock_freq)
/home/nilay/STM32/STM32-ArduinoWithDebug/blink/.build/genericSTM32F103C/core/core.a(util.c.o)
                              /home/nilay/STM32/STM32-ArduinoWithDebug/blink/.build/genericSTM32F103C/core/core.a(exc.S.o) (__error)
/home/nilay/STM32/STM32-ArduinoWithDebug/blink/.build/genericSTM32F103C/core/core.a(usb.c.o)
                              (__irq_usb_lp_can_rx0)
/home/nilay/STM32/STM32-ArduinoWithDebug/blink/.build/genericSTM32F103C/core/core.a(usb_cdcacm.c.o)
                              /home/nilay/STM32/STM32-ArduinoWithDebug/blink/.build/genericSTM32F103C/core/core.a(usb.c.o) (User_Standard_Requests)
/home/nilay/STM32/STM32-ArduinoWithDebug/blink/.build/genericSTM32F103C/core/core.a(usb_reg_map.c.o)
                              /home/nilay/STM32/STM32-ArduinoWithDebug/blink/.build/genericSTM32F103C/core/core.a(usb_cdcacm.c.o) (usb_set_ep_rx_count)
/home/nilay/STM32/STM32-ArduinoWithDebug/blink/.build/genericSTM32F103C/core/core.a(usb_core.c.o)
                              /home/nilay/STM32/STM32-ArduinoWithDebug/blink/.build/genericSTM32F103C/core/core.a(usb_cdcacm.c.o) (Standard_GetDescriptorData)
/home/nilay/STM32/STM32-ArduinoWithDebug/blink/.build/genericSTM32F103C/core/core.a(usb_init.c.o)
                              /home/nilay/STM32/STM32-ArduinoWithDebug/blink/.build/genericSTM32F103C/core/core.a(usb.c.o) (pInformation)
[...]
Memory Configuration

Name             Origin             Length             Attributes
ram              0x0000000020000000 0x0000000000005000 xrw
rom              0x0000000008000000 0x0000000000020000 xr
*default*        0x0000000000000000 0xffffffffffffffff

Linker script and memory map

LOAD /home/nilay/.arduino15/packages/arduino/tools/arm-none-eabi-gcc/4.8.3-2014q1/bin/../lib/gcc/arm-none-eabi/4.8.3/armv7-m/crti.o
LOAD /home/nilay/.arduino15/packages/arduino/tools/arm-none-eabi-gcc/4.8.3-2014q1/bin/../lib/gcc/arm-none-eabi/4.8.3/armv7-m/crtbegin.o
LOAD /home/nilay/.arduino15/packages/arduino/tools/arm-none-eabi-gcc/4.8.3-2014q1/bin/../lib/gcc/arm-none-eabi/4.8.3/../../../../arm-none-eabi/lib/armv7-m/crt0.o
LOAD /home/nilay/.arduino15/packages/arduino/tools/arm-none-eabi-gcc/4.8.3-2014q1/bin/../lib/gcc/arm-none-eabi/4.8.3/armv7-m/libgcc.a
START GROUP
LOAD /home/nilay/STM32/STM32-ArduinoWithDebug/blink/.build/genericSTM32F103C/sketch/blink.ino.cpp.o
LOAD /home/nilay/STM32/STM32-ArduinoWithDebug/blink/.build/genericSTM32F103C/core/wirish/start.S.o
LOAD /home/nilay/STM32/STM32-ArduinoWithDebug/blink/.build/genericSTM32F103C/core/wirish/start_c.c.o
LOAD /home/nilay/STM32/STM32-ArduinoWithDebug/blink/.build/genericSTM32F103C/core/wirish/syscalls.c.o
LOAD /home/nilay/STM32/STM32-ArduinoWithDebug/blink/.build/genericSTM32F103C/core/board.cpp.o
LOAD /home/nilay/STM32/STM32-ArduinoWithDebug/blink/.build/genericSTM32F103C/core/wirish/boards.cpp.o
LOAD /home/nilay/STM32/STM32-ArduinoWithDebug/blink/.build/genericSTM32F103C/core/wirish/boards_setup.cpp.o
LOAD /home/nilay/STM32/STM32-ArduinoWithDebug/blink/.build/genericSTM32F103C/core/core.a
END GROUP
LOAD /home/nilay/.arduino15/packages/arduino/tools/arm-none-eabi-gcc/4.8.3-2014q1/bin/../lib/gcc/arm-none-eabi/4.8.3/../../../../arm-none-eabi/lib/armv7-m/libstdc++.a
LOAD /home/nilay/.arduino15/packages/arduino/tools/arm-none-eabi-gcc/4.8.3-2014q1/bin/../lib/gcc/arm-none-eabi/4.8.3/../../../../arm-none-eabi/lib/armv7-m/libm.a
START GROUP
LOAD /home/nilay/.arduino15/packages/arduino/tools/arm-none-eabi-gcc/4.8.3-2014q1/bin/../lib/gcc/arm-none-eabi/4.8.3/armv7-m/libgcc.a
LOAD /home/nilay/.arduino15/packages/arduino/tools/arm-none-eabi-gcc/4.8.3-2014q1/bin/../lib/gcc/arm-none-eabi/4.8.3/../../../../arm-none-eabi/lib/armv7-m/libc.a
END GROUP
LOAD /home/nilay/.arduino15/packages/arduino/tools/arm-none-eabi-gcc/4.8.3-2014q1/bin/../lib/gcc/arm-none-eabi/4.8.3/armv7-m/crtend.o
LOAD /home/nilay/.arduino15/packages/arduino/tools/arm-none-eabi-gcc/4.8.3-2014q1/bin/../lib/gcc/arm-none-eabi/4.8.3/armv7-m/crtn.o
START GROUP
LOAD /home/nilay/.arduino15/packages/arduino/tools/arm-none-eabi-gcc/4.8.3-2014q1/bin/../lib/gcc/arm-none-eabi/4.8.3/armv7-m/libgcc.a
LOAD /home/nilay/.arduino15/packages/arduino/tools/arm-none-eabi-gcc/4.8.3-2014q1/bin/../lib/gcc/arm-none-eabi/4.8.3/../../../../arm-none-eabi/lib/armv7-m/libc.a
LOAD /home/nilay/.arduino15/packages/arduino/tools/arm-none-eabi-gcc/4.8.3-2014q1/bin/../lib/gcc/arm-none-eabi/4.8.3/../../../../arm-none-eabi/lib/armv7-m/libm.a
END GROUP
START GROUP
LOAD /home/nilay/.arduino15/packages/arduino/tools/arm-none-eabi-gcc/4.8.3-2014q1/bin/../lib/gcc/arm-none-eabi/4.8.3/../../../../arm-none-eabi/lib/armv7-m/libnosys.a
END GROUP
                0x0000000020005000                PROVIDE (__msp_init, (ORIGIN (ram) + 0x5000))
                0x00000000080001a4                PROVIDE (__exc_reset, __start__)

.text           0x0000000008000000     0x2d00
                0x0000000008000000                __text_start__ = .
 *(.stm32.interrupt_vector)
 .stm32.interrupt_vector
                0x0000000008000000       0xec /home/nilay/STM32/STM32-ArduinoWithDebug/blink/.build/genericSTM32F103C/core/core.a(vector_table.S.o)
                0x0000000008000000                __stm32_vector_table
 *(.text .text.* .gnu.linkonce.t.*)
 .text          0x00000000080000ec       0x54 /home/nilay/.arduino15/packages/arduino/tools/arm-none-eabi-gcc/4.8.3-2014q1/bin/../lib/gcc/arm-none-eabi/4.8.3/armv7-m/crtbegin.o
 .text._Z5setupv
                0x0000000008000140        0x8 /home/nilay/STM32/STM32-ArduinoWithDebug/blink/.build/genericSTM32F103C/sketch/blink.ino.cpp.o
                0x0000000008000140                setup()
 .text._Z4loopv
                0x0000000008000148       0x5c /home/nilay/STM32/STM32-ArduinoWithDebug/blink/.build/genericSTM32F103C/sketch/blink.ino.cpp.o
                0x0000000008000148                loop()
 .text          0x00000000080001a4       0x10 /home/nilay/STM32/STM32-ArduinoWithDebug/blink/.build/genericSTM32F103C/core/wirish/start.S.o
                0x00000000080001a4                __start__
 .text.start_c  0x00000000080001b4       0x64 /home/nilay/STM32/STM32-ArduinoWithDebug/blink/.build/genericSTM32F103C/core/wirish/start_c.c.o
                0x00000000080001b4                start_c
 .text._exit    0x0000000008000218        0x2 /home/nilay/STM32/STM32-ArduinoWithDebug/blink/.build/genericSTM32F103C/core/wirish/syscalls.c.o
                0x0000000008000218                _exit
 .text._Z9boardInitv
                0x000000000800021a        0x2 /home/nilay/STM32/STM32-ArduinoWithDebug/blink/.build/genericSTM32F103C/core/board.cpp.o
                0x000000000800021a                boardInit()
 .text.startup._GLOBAL__sub_I__Z9boardInitv
                0x000000000800021c       0x48 /home/nilay/STM32/STM32-ArduinoWithDebug/blink/.build/genericSTM32F103C/core/board.cpp.o
 .text._ZL18adc_default_configP7adc_dev
                0x0000000008000264       0x1c /home/nilay/STM32/STM32-ArduinoWithDebug/blink/.build/genericSTM32F103C/core/wirish/boards.cpp.o
 .text._ZL20timer_default_configP9timer_dev
                0x0000000008000280       0x9e /home/nilay/STM32/STM32-ArduinoWithDebug/blink/.build/genericSTM32F103C/core/wirish/boards.cpp.o
 *fill*         0x000000000800031e        0x2 
 .text._Z4initv
                0x0000000008000320       0xbc /home/nilay/STM32/STM32-ArduinoWithDebug/blink/.build/genericSTM32F103C/core/wirish/boards.cpp.o
                0x0000000008000320                init()
 .text._ZN6wirish4priv15board_reset_pllEv
                0x00000000080003dc        0x2 /home/nilay/STM32/STM32-ArduinoWithDebug/blink/.build/genericSTM32F103C/core/wirish/boards_setup.cpp.o
                0x00000000080003dc                wirish::priv::board_reset_pll()
 .text._ZN6wirish4priv28board_setup_clock_prescalersEv
                0x00000000080003de       0x2e /home/nilay/STM32/STM32-ArduinoWithDebug/blink/.build/genericSTM32F103C/core/wirish/boards_setup.cpp.o
                0x00000000080003de                wirish::priv::board_setup_clock_prescalers()
 .text._ZN6wirish4priv16board_setup_gpioEv
                0x000000000800040c        0x4 /home/nilay/STM32/STM32-ArduinoWithDebug/blink/.build/genericSTM32F103C/core/wirish/boards_setup.cpp.o
                0x000000000800040c                wirish::priv::board_setup_gpio()
 .text._ZN6wirish4priv15board_setup_usbEv
                0x0000000008000410       0x54 /home/nilay/STM32/STM32-ArduinoWithDebug/blink/.build/genericSTM32F103C/core/wirish/boards_setup.cpp.o
                0x0000000008000410                wirish::priv::board_setup_usb()
 .text._ZN6wirish4priv11series_initEv
                0x0000000008000464        0x4 /home/nilay/STM32/STM32-ArduinoWithDebug/blink/.build/genericSTM32F103C/core/wirish/boards_setup.cpp.o
                0x0000000008000464                wirish::priv::series_init()
 *fill*         0x0000000008000468        0x8 
 .text          0x0000000008000470       0x60 /home/nilay/STM32/STM32-ArduinoWithDebug/blink/.build/genericSTM32F103C/core/core.a(exc.S.o)
                0x0000000008000470                __exc_nmi
                0x0000000008000474                __exc_hardfault
                0x0000000008000478                __exc_memmanage
                0x000000000800047c                __exc_busfault
                0x0000000008000480                __exc_usagefault
 .text          0x00000000080004d0        0x2 /home/nilay/STM32/STM32-ArduinoWithDebug/blink/.build/genericSTM32F103C/core/core.a(isrs.S.o)
                0x00000000080004d0                __stm32reservedexception9
                0x00000000080004d0                __exc_debug_monitor
                0x00000000080004d0                __exc_svc
                0x00000000080004d0                __irq_can_rx1
                0x00000000080004d0                __irq_spi2
                0x00000000080004d0                __irq_can_sce
                0x00000000080004d0                __irq_pvd
                0x00000000080004d0                __irq_tamper
                0x00000000080004d0                __default_handler
                0x00000000080004d0                __irq_wwdg
                0x00000000080004d0                __stm32reservedexception10
                0x00000000080004d0                __irq_flash
                0x00000000080004d0                __stm32reservedexception13
                0x00000000080004d0                __irq_rtc
                0x00000000080004d0                __irq_spi1
                0x00000000080004d0                __stm32reservedexception7
                0x00000000080004d0                __irq_usb_hp_can_tx
                0x00000000080004d0                __irq_rtcalarm
                0x00000000080004d0                __stm32reservedexception8
                0x00000000080004d0                __exc_pendsv
                0x00000000080004d0                __irq_usbwakeup
                0x00000000080004d0                __irq_rcc
 .text.adc_init
                0x00000000080004d2       0x14 /home/nilay/STM32/STM32-ArduinoWithDebug/blink/.build/genericSTM32F103C/core/core.a(adc.c.o)
                0x00000000080004d2                adc_init
 .text.adc_set_extsel
                0x00000000080004e6       0x12 /home/nilay/STM32/STM32-ArduinoWithDebug/blink/.build/genericSTM32F103C/core/core.a(adc.c.o)
                0x00000000080004e6                adc_set_extsel
 .text.adc_set_sample_rate
                0x00000000080004f8       0x30 /home/nilay/STM32/STM32-ArduinoWithDebug/blink/.build/genericSTM32F103C/core/core.a(adc.c.o)
                0x00000000080004f8                adc_set_sample_rate
 .text.__irq_adc
                0x0000000008000528       0x50 /home/nilay/STM32/STM32-ArduinoWithDebug/blink/.build/genericSTM32F103C/core/core.a(adc_f1.c.o)
                0x0000000008000528                __irq_adc
 .text.adc_calibrate
                0x0000000008000578       0x24 /home/nilay/STM32/STM32-ArduinoWithDebug/blink/.build/genericSTM32F103C/core/core.a(adc_f1.c.o)
                0x0000000008000578                adc_calibrate
 .text.adc_set_prescaler
                0x000000000800059c        0x8 /home/nilay/STM32/STM32-ArduinoWithDebug/blink/.build/genericSTM32F103C/core/core.a(adc_f1.c.o)
                0x000000000800059c                adc_set_prescaler
 .text.adc_foreach
                0x00000000080005a4       0x1c /home/nilay/STM32/STM32-ArduinoWithDebug/blink/.build/genericSTM32F103C/core/core.a(adc_f1.c.o)
                0x00000000080005a4                adc_foreach
 .text.adc_enable_single_swstart
                0x00000000080005c0       0x36 /home/nilay/STM32/STM32-ArduinoWithDebug/blink/.build/genericSTM32F103C/core/core.a(adc_f1.c.o)
                0x00000000080005c0                adc_enable_single_swstart
 *fill*         0x00000000080005f6        0x2 
 .text.__irq_dma1_channel1
                0x00000000080005f8       0x18 /home/nilay/STM32/STM32-ArduinoWithDebug/blink/.build/genericSTM32F103C/core/core.a(dma_f1.c.o)
                0x00000000080005f8                __irq_dma1_channel1
 .text.__irq_dma1_channel2
                0x0000000008000610       0x18 /home/nilay/STM32/STM32-ArduinoWithDebug/blink/.build/genericSTM32F103C/core/core.a(dma_f1.c.o)
                0x0000000008000610                __irq_dma1_channel2
 .text.__irq_dma1_channel3
                0x0000000008000628       0x1c /home/nilay/STM32/STM32-ArduinoWithDebug/blink/.build/genericSTM32F103C/core/core.a(dma_f1.c.o)
                0x0000000008000628                __irq_dma1_channel3
 .text.__irq_dma1_channel4
                0x0000000008000644       0x1c /home/nilay/STM32/STM32-ArduinoWithDebug/blink/.build/genericSTM32F103C/core/core.a(dma_f1.c.o)
                0x0000000008000644                __irq_dma1_channel4
 .text.__irq_dma1_channel5
                0x0000000008000660       0x1c /home/nilay/STM32/STM32-ArduinoWithDebug/blink/.build/genericSTM32F103C/core/core.a(dma_f1.c.o)
                0x0000000008000660                __irq_dma1_channel5
 .text.__irq_dma1_channel6
                0x000000000800067c       0x1c /home/nilay/STM32/STM32-ArduinoWithDebug/blink/.build/genericSTM32F103C/core/core.a(dma_f1.c.o)
                0x000000000800067c                __irq_dma1_channel6
 .text.__irq_dma1_channel7
                0x0000000008000698       0x1c /home/nilay/STM32/STM32-ArduinoWithDebug/blink/.build/genericSTM32F103C/core/core.a(dma_f1.c.o)
                0x0000000008000698                __irq_dma1_channel7
 .text.__irq_exti0
                0x00000000080006b4       0x20 /home/nilay/STM32/STM32-ArduinoWithDebug/blink/.build/genericSTM32F103C/core/core.a(exti.c.o)
                0x00000000080006b4                __irq_exti0
 .text.__irq_exti1
                0x00000000080006d4       0x20 /home/nilay/STM32/STM32-ArduinoWithDebug/blink/.build/genericSTM32F103C/core/core.a(exti.c.o)
                0x00000000080006d4                __irq_exti1
 .text.__irq_exti2
                0x00000000080006f4       0x20 /home/nilay/STM32/STM32-ArduinoWithDebug/blink/.build/genericSTM32F103C/core/core.a(exti.c.o)
                0x00000000080006f4                __irq_exti2
 .text.__irq_exti3
                0x0000000008000714       0x20 /home/nilay/STM32/STM32-ArduinoWithDebug/blink/.build/genericSTM32F103C/core/core.a(exti.c.o)
                0x0000000008000714                __irq_exti3
 .text.__irq_exti4
                0x0000000008000734       0x20 /home/nilay/STM32/STM32-ArduinoWithDebug/blink/.build/genericSTM32F103C/core/core.a(exti.c.o)
                0x0000000008000734                __irq_exti4
 .text.__irq_exti9_5
                0x0000000008000754       0x44 /home/nilay/STM32/STM32-ArduinoWithDebug/blink/.build/genericSTM32F103C/core/core.a(exti.c.o)
                0x0000000008000754                __irq_exti9_5
 .text.__irq_exti15_10
                0x0000000008000798       0x44 /home/nilay/STM32/STM32-ArduinoWithDebug/blink/.build/genericSTM32F103C/core/core.a(exti.c.o)
                0x0000000008000798                __irq_exti15_10
 .text.flash_set_latency
                0x00000000080007dc       0x14 /home/nilay/STM32/STM32-ArduinoWithDebug/blink/.build/genericSTM32F103C/core/core.a(flash.c.o)
                0x00000000080007dc                flash_set_latency
 .text.gpio_init_all
                0x00000000080007f0       0x30 /home/nilay/STM32/STM32-ArduinoWithDebug/blink/.build/genericSTM32F103C/core/core.a(gpio_f1.c.o)
                0x00000000080007f0                gpio_init_all
 .text.gpio_set_mode
                0x0000000008000820       0x50 /home/nilay/STM32/STM32-ArduinoWithDebug/blink/.build/genericSTM32F103C/core/core.a(gpio_f1.c.o)
                0x0000000008000820                gpio_set_mode
 .text.afio_init
                0x0000000008000870       0x12 /home/nilay/STM32/STM32-ArduinoWithDebug/blink/.build/genericSTM32F103C/core/core.a(gpio_f1.c.o)
                0x0000000008000870                afio_init
 *fill*         0x0000000008000882        0x2 
 .text.__irq_i2c1_ev
                0x0000000008000884        0xc /home/nilay/STM32/STM32-ArduinoWithDebug/blink/.build/genericSTM32F103C/core/core.a(i2c_f1.c.o)
                0x0000000008000884                __irq_i2c1_ev
 .text.__irq_i2c2_ev
                0x0000000008000890        0xc /home/nilay/STM32/STM32-ArduinoWithDebug/blink/.build/genericSTM32F103C/core/core.a(i2c_f1.c.o)
                0x0000000008000890                __irq_i2c2_ev
 .text.__irq_i2c1_er
                0x000000000800089c        0xc /home/nilay/STM32/STM32-ArduinoWithDebug/blink/.build/genericSTM32F103C/core/core.a(i2c_f1.c.o)
                0x000000000800089c                __irq_i2c1_er
 .text.__irq_i2c2_er
                0x00000000080008a8        0xc /home/nilay/STM32/STM32-ArduinoWithDebug/blink/.build/genericSTM32F103C/core/core.a(i2c_f1.c.o)
                0x00000000080008a8                __irq_i2c2_er
 .text._i2c_irq_priority_fixup
                0x00000000080008b4       0x1c /home/nilay/STM32/STM32-ArduinoWithDebug/blink/.build/genericSTM32F103C/core/core.a(i2c_f1.c.o)
                0x00000000080008b4                _i2c_irq_priority_fixup
 .text.nvic_irq_set_priority
                0x00000000080008d0       0x28 /home/nilay/STM32/STM32-ArduinoWithDebug/blink/.build/genericSTM32F103C/core/core.a(nvic.c.o)
                0x00000000080008d0                nvic_irq_set_priority
 .text.nvic_init
                0x00000000080008f8       0x30 /home/nilay/STM32/STM32-ArduinoWithDebug/blink/.build/genericSTM32F103C/core/core.a(nvic.c.o)
                0x00000000080008f8                nvic_init
 .text.nvic_sys_reset
                0x0000000008000928       0x1c /home/nilay/STM32/STM32-ArduinoWithDebug/blink/.build/genericSTM32F103C/core/core.a(nvic.c.o)
                0x0000000008000928                nvic_sys_reset
 .text.rcc_dev_clk
                0x0000000008000944        0xc /home/nilay/STM32/STM32-ArduinoWithDebug/blink/.build/genericSTM32F103C/core/core.a(rcc.c.o)
                0x0000000008000944                rcc_dev_clk
 .text.rcc_switch_sysclk
                0x0000000008000950       0x20 /home/nilay/STM32/STM32-ArduinoWithDebug/blink/.build/genericSTM32F103C/core/core.a(rcc.c.o)
                0x0000000008000950                rcc_switch_sysclk
 .text.rcc_turn_on_clk
                0x0000000008000970       0x1a /home/nilay/STM32/STM32-ArduinoWithDebug/blink/.build/genericSTM32F103C/core/core.a(rcc.c.o)
                0x0000000008000970                rcc_turn_on_clk
 .text.rcc_turn_off_clk
                0x000000000800098a       0x1c /home/nilay/STM32/STM32-ArduinoWithDebug/blink/.build/genericSTM32F103C/core/core.a(rcc.c.o)
                0x000000000800098a                rcc_turn_off_clk
 .text.rcc_is_clk_ready
                0x00000000080009a6       0x18 /home/nilay/STM32/STM32-ArduinoWithDebug/blink/.build/genericSTM32F103C/core/core.a(rcc.c.o)
                0x00000000080009a6                rcc_is_clk_ready
 *fill*         0x00000000080009be        0x2 
 .text.rcc_configure_pll
                0x00000000080009c0       0x18 /home/nilay/STM32/STM32-ArduinoWithDebug/blink/.build/genericSTM32F103C/core/core.a(rcc_f1.c.o)
                0x00000000080009c0                rcc_configure_pll
 .text.rcc_clk_enable
                0x00000000080009d8       0x30 /home/nilay/STM32/STM32-ArduinoWithDebug/blink/.build/genericSTM32F103C/core/core.a(rcc_f1.c.o)
                0x00000000080009d8                rcc_clk_enable
 .text.rcc_reset_dev
                0x0000000008000a08       0x34 /home/nilay/STM32/STM32-ArduinoWithDebug/blink/.build/genericSTM32F103C/core/core.a(rcc_f1.c.o)
                0x0000000008000a08                rcc_reset_dev
 .text.rcc_set_prescaler
                0x0000000008000a3c       0x20 /home/nilay/STM32/STM32-ArduinoWithDebug/blink/.build/genericSTM32F103C/core/core.a(rcc_f1.c.o)
                0x0000000008000a3c                rcc_set_prescaler
 .text.rcc_clk_disable
                0x0000000008000a5c       0x30 /home/nilay/STM32/STM32-ArduinoWithDebug/blink/.build/genericSTM32F103C/core/core.a(rcc_f1.c.o)
                0x0000000008000a5c                rcc_clk_disable
 .text.systick_init
                0x0000000008000a8c       0x10 /home/nilay/STM32/STM32-ArduinoWithDebug/blink/.build/genericSTM32F103C/core/core.a(systick.c.o)
                0x0000000008000a8c                systick_init
 .text.__exc_systick
                0x0000000008000a9c       0x1c /home/nilay/STM32/STM32-ArduinoWithDebug/blink/.build/genericSTM32F103C/core/core.a(systick.c.o)
                0x0000000008000a9c                __exc_systick
 .text.timer_oc_set_mode
                0x0000000008000ab8       0x3a /home/nilay/STM32/STM32-ArduinoWithDebug/blink/.build/genericSTM32F103C/core/core.a(timer.c.o)
 .text.timer_cc_enable
                0x0000000008000af2       0x1c /home/nilay/STM32/STM32-ArduinoWithDebug/blink/.build/genericSTM32F103C/core/core.a(timer.c.o)
 *fill*         0x0000000008000b0e        0x2 
 .text.timer_foreach
                0x0000000008000b10       0x28 /home/nilay/STM32/STM32-ArduinoWithDebug/blink/.build/genericSTM32F103C/core/core.a(timer.c.o)
                0x0000000008000b10                timer_foreach
 .text.timer_init
                0x0000000008000b38       0x14 /home/nilay/STM32/STM32-ArduinoWithDebug/blink/.build/genericSTM32F103C/core/core.a(timer.c.o)
                0x0000000008000b38                timer_init
 .text.timer_has_cc_channel
                0x0000000008000b4c       0x30 /home/nilay/STM32/STM32-ArduinoWithDebug/blink/.build/genericSTM32F103C/core/core.a(timer.c.o)
                0x0000000008000b4c                timer_has_cc_channel
 .text.timer_detach_interrupt
                0x0000000008000b7c       0x1e /home/nilay/STM32/STM32-ArduinoWithDebug/blink/.build/genericSTM32F103C/core/core.a(timer.c.o)
                0x0000000008000b7c                timer_detach_interrupt
 .text.input_capture_mode
                0x0000000008000b9a       0x1a /home/nilay/STM32/STM32-ArduinoWithDebug/blink/.build/genericSTM32F103C/core/core.a(timer.c.o)
                0x0000000008000b9a                input_capture_mode
 .text.timer_set_mode
                0x0000000008000bb4       0x8c /home/nilay/STM32/STM32-ArduinoWithDebug/blink/.build/genericSTM32F103C/core/core.a(timer.c.o)
                0x0000000008000bb4                timer_set_mode
 .text.__irq_tim1_brk
                0x0000000008000c40       0x24 /home/nilay/STM32/STM32-ArduinoWithDebug/blink/.build/genericSTM32F103C/core/core.a(timer.c.o)
                0x0000000008000c40                __irq_tim1_brk
 .text.__irq_tim1_up
                0x0000000008000c64       0x24 /home/nilay/STM32/STM32-ArduinoWithDebug/blink/.build/genericSTM32F103C/core/core.a(timer.c.o)
                0x0000000008000c64                __irq_tim1_up
 .text.__irq_tim1_trg_com
                0x0000000008000c88       0x38 /home/nilay/STM32/STM32-ArduinoWithDebug/blink/.build/genericSTM32F103C/core/core.a(timer.c.o)
                0x0000000008000c88                __irq_tim1_trg_com
 .text.__irq_tim1_cc
                0x0000000008000cc0       0x54 /home/nilay/STM32/STM32-ArduinoWithDebug/blink/.build/genericSTM32F103C/core/core.a(timer.c.o)
                0x0000000008000cc0                __irq_tim1_cc
 .text.__irq_tim2
                0x0000000008000d14       0x70 /home/nilay/STM32/STM32-ArduinoWithDebug/blink/.build/genericSTM32F103C/core/core.a(timer.c.o)
                0x0000000008000d14                __irq_tim2
 .text.__irq_tim3
                0x0000000008000d84       0x70 /home/nilay/STM32/STM32-ArduinoWithDebug/blink/.build/genericSTM32F103C/core/core.a(timer.c.o)
                0x0000000008000d84                __irq_tim3
 .text.__irq_tim4
                0x0000000008000df4       0x70 /home/nilay/STM32/STM32-ArduinoWithDebug/blink/.build/genericSTM32F103C/core/core.a(timer.c.o)
                0x0000000008000df4                __irq_tim4
 .text.rb_remove
                0x0000000008000e64       0x24 /home/nilay/STM32/STM32-ArduinoWithDebug/blink/.build/genericSTM32F103C/core/core.a(usart_f1.c.o)
 .text.rb_push_insert
                0x0000000008000e88       0x52 /home/nilay/STM32/STM32-ArduinoWithDebug/blink/.build/genericSTM32F103C/core/core.a(usart_f1.c.o)
 *fill*         0x0000000008000eda        0x2 
 .text.__irq_usart1
                0x0000000008000edc       0x54 /home/nilay/STM32/STM32-ArduinoWithDebug/blink/.build/genericSTM32F103C/core/core.a(usart_f1.c.o)
                0x0000000008000edc                __irq_usart1
 .text.__irq_usart2
                0x0000000008000f30       0x54 /home/nilay/STM32/STM32-ArduinoWithDebug/blink/.build/genericSTM32F103C/core/core.a(usart_f1.c.o)
                0x0000000008000f30                __irq_usart2
 .text.__irq_usart3
                0x0000000008000f84       0x54 /home/nilay/STM32/STM32-ArduinoWithDebug/blink/.build/genericSTM32F103C/core/core.a(usart_f1.c.o)
                0x0000000008000f84                __irq_usart3
 .text.throb    0x0000000008000fd8       0x4c /home/nilay/STM32/STM32-ArduinoWithDebug/blink/.build/genericSTM32F103C/core/core.a(util.c.o)
                0x0000000008000fd8                throb
 .text.__error  0x0000000008001024       0x14 /home/nilay/STM32/STM32-ArduinoWithDebug/blink/.build/genericSTM32F103C/core/core.a(util.c.o)
                0x0000000008001024                __error
 .text.usb_resume
                0x0000000008001038       0xb4 /home/nilay/STM32/STM32-ArduinoWithDebug/blink/.build/genericSTM32F103C/core/core.a(usb.c.o)
 .text.usb_init_usblib
                0x00000000080010ec       0x48 /home/nilay/STM32/STM32-ArduinoWithDebug/blink/.build/genericSTM32F103C/core/core.a(usb.c.o)
                0x00000000080010ec                usb_init_usblib
 .text.__irq_usb_lp_can_rx0
                0x0000000008001134      0x1c8 /home/nilay/STM32/STM32-ArduinoWithDebug/blink/.build/genericSTM32F103C/core/core.a(usb.c.o)
                0x0000000008001134                __irq_usb_lp_can_rx0
 .text.usb_set_ep_rx_stat
                0x00000000080012fc       0x22 /home/nilay/STM32/STM32-ArduinoWithDebug/blink/.build/genericSTM32F103C/core/core.a(usb_cdcacm.c.o)
 *fill*         0x000000000800131e        0x2 
 .text.vcomGetSetLineCoding
                0x0000000008001320       0x18 /home/nilay/STM32/STM32-ArduinoWithDebug/blink/.build/genericSTM32F103C/core/core.a(usb_cdcacm.c.o)
 .text.usbDataSetup
                0x0000000008001338       0x54 /home/nilay/STM32/STM32-ArduinoWithDebug/blink/.build/genericSTM32F103C/core/core.a(usb_cdcacm.c.o)
 .text.usbNoDataSetup
                0x000000000800138c       0x50 /home/nilay/STM32/STM32-ArduinoWithDebug/blink/.build/genericSTM32F103C/core/core.a(usb_cdcacm.c.o)
 .text.usbGetInterfaceSetting
                0x00000000080013dc       0x10 /home/nilay/STM32/STM32-ArduinoWithDebug/blink/.build/genericSTM32F103C/core/core.a(usb_cdcacm.c.o)
 .text.usbSetConfiguration
                0x00000000080013ec       0x1c /home/nilay/STM32/STM32-ArduinoWithDebug/blink/.build/genericSTM32F103C/core/core.a(usb_cdcacm.c.o)
 .text.usbSetDeviceAddress
                0x0000000008001408       0x10 /home/nilay/STM32/STM32-ArduinoWithDebug/blink/.build/genericSTM32F103C/core/core.a(usb_cdcacm.c.o)
 .text.usbGetStringDescriptor
                0x0000000008001418       0x20 /home/nilay/STM32/STM32-ArduinoWithDebug/blink/.build/genericSTM32F103C/core/core.a(usb_cdcacm.c.o)
 .text.usbGetConfigDescriptor
                0x0000000008001438        0xc /home/nilay/STM32/STM32-ArduinoWithDebug/blink/.build/genericSTM32F103C/core/core.a(usb_cdcacm.c.o)
 .text.usbGetDeviceDescriptor
                0x0000000008001444        0xc /home/nilay/STM32/STM32-ArduinoWithDebug/blink/.build/genericSTM32F103C/core/core.a(usb_cdcacm.c.o)
 .text.usbInit  0x0000000008001450       0x44 /home/nilay/STM32/STM32-ArduinoWithDebug/blink/.build/genericSTM32F103C/core/core.a(usb_cdcacm.c.o)
 .text.vcomDataTxCb
                0x0000000008001494       0xa0 /home/nilay/STM32/STM32-ArduinoWithDebug/blink/.build/genericSTM32F103C/core/core.a(usb_cdcacm.c.o)
 .text.usbReset
                0x0000000008001534      0x160 /home/nilay/STM32/STM32-ArduinoWithDebug/blink/.build/genericSTM32F103C/core/core.a(usb_cdcacm.c.o)
 .text.vcomDataRxCb
                0x0000000008001694       0x7c /home/nilay/STM32/STM32-ArduinoWithDebug/blink/.build/genericSTM32F103C/core/core.a(usb_cdcacm.c.o)
 .text.usb_cdcacm_set_hooks
                0x0000000008001710       0x1c /home/nilay/STM32/STM32-ArduinoWithDebug/blink/.build/genericSTM32F103C/core/core.a(usb_cdcacm.c.o)
                0x0000000008001710                usb_cdcacm_set_hooks
 .text.usb_cdcacm_enable
                0x000000000800172c       0x38 /home/nilay/STM32/STM32-ArduinoWithDebug/blink/.build/genericSTM32F103C/core/core.a(usb_cdcacm.c.o)
                0x000000000800172c                usb_cdcacm_enable
 .text.usb_cdcacm_tx
                0x0000000008001764       0x60 /home/nilay/STM32/STM32-ArduinoWithDebug/blink/.build/genericSTM32F103C/core/core.a(usb_cdcacm.c.o)
                0x0000000008001764                usb_cdcacm_tx
 .text.usb_cdcacm_data_available
                0x00000000080017c4       0x18 /home/nilay/STM32/STM32-ArduinoWithDebug/blink/.build/genericSTM32F103C/core/core.a(usb_cdcacm.c.o)
                0x00000000080017c4                usb_cdcacm_data_available
 .text.usb_cdcacm_peek
                0x00000000080017dc       0x38 /home/nilay/STM32/STM32-ArduinoWithDebug/blink/.build/genericSTM32F103C/core/core.a(usb_cdcacm.c.o)
                0x00000000080017dc                usb_cdcacm_peek
 .text.usb_cdcacm_rx
                0x0000000008001814       0x34 /home/nilay/STM32/STM32-ArduinoWithDebug/blink/.build/genericSTM32F103C/core/core.a(usb_cdcacm.c.o)
                0x0000000008001814                usb_cdcacm_rx
 .text.usb_cdcacm_peek_ex
                0x0000000008001848       0x40 /home/nilay/STM32/STM32-ArduinoWithDebug/blink/.build/genericSTM32F103C/core/core.a(usb_cdcacm.c.o)
                0x0000000008001848                usb_cdcacm_peek_ex
 .text.usb_cdcacm_get_dtr
                0x0000000008001888       0x10 /home/nilay/STM32/STM32-ArduinoWithDebug/blink/.build/genericSTM32F103C/core/core.a(usb_cdcacm.c.o)
                0x0000000008001888                usb_cdcacm_get_dtr
 .text.usb_set_ep_rx_count
                0x0000000008001898       0x40 /home/nilay/STM32/STM32-ArduinoWithDebug/blink/.build/genericSTM32F103C/core/core.a(usb_reg_map.c.o)
                0x0000000008001898                usb_set_ep_rx_count
 .text.Standard_GetConfiguration
                0x00000000080018d8       0x24 /home/nilay/STM32/STM32-ArduinoWithDebug/blink/.build/genericSTM32F103C/core/core.a(usb_core.c.o)
                0x00000000080018d8                Standard_GetConfiguration
 .text.Standard_GetInterface
                0x00000000080018fc       0x24 /home/nilay/STM32/STM32-ArduinoWithDebug/blink/.build/genericSTM32F103C/core/core.a(usb_core.c.o)
                0x00000000080018fc                Standard_GetInterface
 .text.Standard_GetStatus
                0x0000000008001920       0x90 /home/nilay/STM32/STM32-ArduinoWithDebug/blink/.build/genericSTM32F103C/core/core.a(usb_core.c.o)
                0x0000000008001920                Standard_GetStatus
 .text.DataStageIn
                0x00000000080019b0       0xa8 /home/nilay/STM32/STM32-ArduinoWithDebug/blink/.build/genericSTM32F103C/core/core.a(usb_core.c.o)
 .text.Standard_SetConfiguration
                0x0000000008001a58       0x38 /home/nilay/STM32/STM32-ArduinoWithDebug/blink/.build/genericSTM32F103C/core/core.a(usb_core.c.o)
                0x0000000008001a58                Standard_SetConfiguration
 .text.Standard_SetInterface
                0x0000000008001a90       0x48 /home/nilay/STM32/STM32-ArduinoWithDebug/blink/.build/genericSTM32F103C/core/core.a(usb_core.c.o)
                0x0000000008001a90                Standard_SetInterface
 .text.Standard_ClearFeature
                0x0000000008001ad8       0xd0 /home/nilay/STM32/STM32-ArduinoWithDebug/blink/.build/genericSTM32F103C/core/core.a(usb_core.c.o)
                0x0000000008001ad8                Standard_ClearFeature
 .text.Standard_SetEndPointFeature
                0x0000000008001ba8       0x84 /home/nilay/STM32/STM32-ArduinoWithDebug/blink/.build/genericSTM32F103C/core/core.a(usb_core.c.o)
                0x0000000008001ba8                Standard_SetEndPointFeature
 .text.Standard_SetDeviceFeature
                0x0000000008001c2c       0x24 /home/nilay/STM32/STM32-ArduinoWithDebug/blink/.build/genericSTM32F103C/core/core.a(usb_core.c.o)
                0x0000000008001c2c                Standard_SetDeviceFeature
 .text.Standard_GetDescriptorData
                0x0000000008001c50       0x1c /home/nilay/STM32/STM32-ArduinoWithDebug/blink/.build/genericSTM32F103C/core/core.a(usb_core.c.o)
                0x0000000008001c50                Standard_GetDescriptorData
 .text.Post0_Process
                0x0000000008001c6c       0x40 /home/nilay/STM32/STM32-ArduinoWithDebug/blink/.build/genericSTM32F103C/core/core.a(usb_core.c.o)
                0x0000000008001c6c                Post0_Process
 .text.Setup0_Process
                0x0000000008001cac      0x2d0 /home/nilay/STM32/STM32-ArduinoWithDebug/blink/.build/genericSTM32F103C/core/core.a(usb_core.c.o)
                0x0000000008001cac                Setup0_Process
 .text.Out0_Process
                0x0000000008001f7c       0xc8 /home/nilay/STM32/STM32-ArduinoWithDebug/blink/.build/genericSTM32F103C/core/core.a(usb_core.c.o)
                0x0000000008001f7c                Out0_Process
 .text.SetDeviceAddress
                0x0000000008002044       0x38 /home/nilay/STM32/STM32-ArduinoWithDebug/blink/.build/genericSTM32F103C/core/core.a(usb_core.c.o)
                0x0000000008002044                SetDeviceAddress
 .text.In0_Process
                0x000000000800207c       0x5c /home/nilay/STM32/STM32-ArduinoWithDebug/blink/.build/genericSTM32F103C/core/core.a(usb_core.c.o)
                0x000000000800207c                In0_Process
 .text.NOP_Process
                0x00000000080020d8        0x2 /home/nilay/STM32/STM32-ArduinoWithDebug/blink/.build/genericSTM32F103C/core/core.a(usb_core.c.o)
                0x00000000080020d8                NOP_Process
 .text.UserToPMABufferCopy
                0x00000000080020da       0x30 /home/nilay/STM32/STM32-ArduinoWithDebug/blink/.build/genericSTM32F103C/core/core.a(usb_mem.c.o)
                0x00000000080020da                UserToPMABufferCopy
 .text.PMAToUserBufferCopy
                0x000000000800210a       0x24 /home/nilay/STM32/STM32-ArduinoWithDebug/blink/.build/genericSTM32F103C/core/core.a(usb_mem.c.o)
                0x000000000800210a                PMAToUserBufferCopy
 .text.SetEPTxStatus
                0x000000000800212e       0x2a /home/nilay/STM32/STM32-ArduinoWithDebug/blink/.build/genericSTM32F103C/core/core.a(usb_regs.c.o)
                0x000000000800212e                SetEPTxStatus
 .text.ClearDTOG_RX
                0x0000000008002158       0x20 /home/nilay/STM32/STM32-ArduinoWithDebug/blink/.build/genericSTM32F103C/core/core.a(usb_regs.c.o)
                0x0000000008002158                ClearDTOG_RX
 .text.ClearDTOG_TX
                0x0000000008002178       0x20 /home/nilay/STM32/STM32-ArduinoWithDebug/blink/.build/genericSTM32F103C/core/core.a(usb_regs.c.o)
                0x0000000008002178                ClearDTOG_TX
 .text.GetEPTxAddr
                0x0000000008002198       0x1c /home/nilay/STM32/STM32-ArduinoWithDebug/blink/.build/genericSTM32F103C/core/core.a(usb_regs.c.o)
                0x0000000008002198                GetEPTxAddr
 .text.GetEPRxAddr
                0x00000000080021b4       0x1c /home/nilay/STM32/STM32-ArduinoWithDebug/blink/.build/genericSTM32F103C/core/core.a(usb_regs.c.o)
                0x00000000080021b4                GetEPRxAddr
 .text.SetEPTxCount
                0x00000000080021d0       0x1c /home/nilay/STM32/STM32-ArduinoWithDebug/blink/.build/genericSTM32F103C/core/core.a(usb_regs.c.o)
                0x00000000080021d0                SetEPTxCount
 .text.SetEPRxCount
                0x00000000080021ec       0x40 /home/nilay/STM32/STM32-ArduinoWithDebug/blink/.build/genericSTM32F103C/core/core.a(usb_regs.c.o)
                0x00000000080021ec                SetEPRxCount
 .text.rb_full_count
                0x000000000800222c       0x22 /home/nilay/STM32/STM32-ArduinoWithDebug/blink/.build/genericSTM32F103C/core/core.a(HardwareSerial.cpp.o)
 .text._ZN14HardwareSerial4readEv
                0x000000000800224e       0x3a /home/nilay/STM32/STM32-ArduinoWithDebug/blink/.build/genericSTM32F103C/core/core.a(HardwareSerial.cpp.o)
                0x000000000800224e                HardwareSerial::read()
 .text._ZN14HardwareSerial9availableEv
                0x0000000008002288        0xc /home/nilay/STM32/STM32-ArduinoWithDebug/blink/.build/genericSTM32F103C/core/core.a(HardwareSerial.cpp.o)
                0x0000000008002288                HardwareSerial::available()
 .text._ZN14HardwareSerial4peekEv
                0x0000000008002294       0x22 /home/nilay/STM32/STM32-ArduinoWithDebug/blink/.build/genericSTM32F103C/core/core.a(HardwareSerial.cpp.o)
                0x0000000008002294                HardwareSerial::peek()
 .text._ZN14HardwareSerial5flushEv
                0x00000000080022b6       0x1a /home/nilay/STM32/STM32-ArduinoWithDebug/blink/.build/genericSTM32F103C/core/core.a(HardwareSerial.cpp.o)
                0x00000000080022b6                HardwareSerial::flush()
 .text._ZN14HardwareSerial5writeEh
                0x00000000080022d0       0x1e /home/nilay/STM32/STM32-ArduinoWithDebug/blink/.build/genericSTM32F103C/core/core.a(HardwareSerial.cpp.o)
                0x00000000080022d0                HardwareSerial::write(unsigned char)
 *fill*         0x00000000080022ee        0x2 
 .text._ZN14HardwareSerialC2EP9usart_devhh
                0x00000000080022f0       0x1c /home/nilay/STM32/STM32-ArduinoWithDebug/blink/.build/genericSTM32F103C/core/core.a(HardwareSerial.cpp.o)
                0x00000000080022f0                HardwareSerial::HardwareSerial(usart_dev*, unsigned char, unsigned char)
                0x00000000080022f0                HardwareSerial::HardwareSerial(usart_dev*, unsigned char, unsigned char)
 .text._ZN5Print5writeEPKvm
                0x000000000800230c       0x20 /home/nilay/STM32/STM32-ArduinoWithDebug/blink/.build/genericSTM32F103C/core/core.a(Print.cpp.o)
                0x000000000800230c                Print::write(void const*, unsigned long)
 .text._ZN5Print5writeEPKc
                0x000000000800232c       0x1e /home/nilay/STM32/STM32-ArduinoWithDebug/blink/.build/genericSTM32F103C/core/core.a(Print.cpp.o)
                0x000000000800232c                Print::write(char const*)
 .text.startup._Z7premainv
                0x000000000800234a        0x4 /home/nilay/STM32/STM32-ArduinoWithDebug/blink/.build/genericSTM32F103C/core/core.a(main.cpp.o)
                0x000000000800234a                premain()
 .text.startup.main
                0x000000000800234e        0xc /home/nilay/STM32/STM32-ArduinoWithDebug/blink/.build/genericSTM32F103C/core/core.a(main.cpp.o)
                0x000000000800234e                main
 .text._ZN9USBSerial9availableEv
                0x000000000800235a        0x4 /home/nilay/STM32/STM32-ArduinoWithDebug/blink/.build/genericSTM32F103C/core/core.a(usb_serial.cpp.o)
                0x000000000800235a                USBSerial::available()
 .text._ZN9USBSerial4peekEv
                0x000000000800235e       0x1e /home/nilay/STM32/STM32-ArduinoWithDebug/blink/.build/genericSTM32F103C/core/core.a(usb_serial.cpp.o)
                0x000000000800235e                USBSerial::peek()
 .text._ZN9USBSerial4readEv
                0x000000000800237c       0x1e /home/nilay/STM32/STM32-ArduinoWithDebug/blink/.build/genericSTM32F103C/core/core.a(usb_serial.cpp.o)
                0x000000000800237c                USBSerial::read()
 *fill*         0x000000000800239a        0x2 
 .text._ZL14ifaceSetupHookjPv
                0x000000000800239c       0x38 /home/nilay/STM32/STM32-ArduinoWithDebug/blink/.build/genericSTM32F103C/core/core.a(usb_serial.cpp.o)
 .text._ZL6rxHookjPv
                0x00000000080023d4       0xa0 /home/nilay/STM32/STM32-ArduinoWithDebug/blink/.build/genericSTM32F103C/core/core.a(usb_serial.cpp.o)
 .text._ZL10wait_resetv
                0x0000000008002474       0x10 /home/nilay/STM32/STM32-ArduinoWithDebug/blink/.build/genericSTM32F103C/core/core.a(usb_serial.cpp.o)
 .text._ZN9USBSerialC2Ev
                0x0000000008002484       0x14 /home/nilay/STM32/STM32-ArduinoWithDebug/blink/.build/genericSTM32F103C/core/core.a(usb_serial.cpp.o)
                0x0000000008002484                USBSerial::USBSerial()
                0x0000000008002484                USBSerial::USBSerial()
 .text._ZN9USBSerial5beginEv
                0x0000000008002498       0x34 /home/nilay/STM32/STM32-ArduinoWithDebug/blink/.build/genericSTM32F103C/core/core.a(usb_serial.cpp.o)
                0x0000000008002498                USBSerial::begin()
 .text._ZN9USBSerial4readEPhm
                0x00000000080024cc       0x1c /home/nilay/STM32/STM32-ArduinoWithDebug/blink/.build/genericSTM32F103C/core/core.a(usb_serial.cpp.o)
                0x00000000080024cc                USBSerial::read(unsigned char*, unsigned long)
 .text._ZN9USBSerial5flushEv
                0x00000000080024e8       0x1c /home/nilay/STM32/STM32-ArduinoWithDebug/blink/.build/genericSTM32F103C/core/core.a(usb_serial.cpp.o)
                0x00000000080024e8                USBSerial::flush()
 .text._ZN9USBSerialcvbEv
                0x0000000008002504       0x20 /home/nilay/STM32/STM32-ArduinoWithDebug/blink/.build/genericSTM32F103C/core/core.a(usb_serial.cpp.o)
                0x0000000008002504                USBSerial::operator bool()
 .text._ZN9USBSerial5writeEPKhm
                0x0000000008002524       0x24 /home/nilay/STM32/STM32-ArduinoWithDebug/blink/.build/genericSTM32F103C/core/core.a(usb_serial.cpp.o)
                0x0000000008002524                USBSerial::write(unsigned char const*, unsigned long)
 .text._ZN9USBSerial5writeEh
                0x0000000008002548       0x18 /home/nilay/STM32/STM32-ArduinoWithDebug/blink/.build/genericSTM32F103C/core/core.a(usb_serial.cpp.o)
                0x0000000008002548                USBSerial::write(unsigned char)
 .text._ZN9USBSerial5writeEPKc
                0x0000000008002560       0x1a /home/nilay/STM32/STM32-ArduinoWithDebug/blink/.build/genericSTM32F103C/core/core.a(usb_serial.cpp.o)
                0x0000000008002560                USBSerial::write(char const*)
 *fill*         0x000000000800257a        0x2 
 .text.startup._GLOBAL__sub_I__ZN9USBSerial9_hasBegunE
                0x000000000800257c        0xc /home/nilay/STM32/STM32-ArduinoWithDebug/blink/.build/genericSTM32F103C/core/core.a(usb_serial.cpp.o)
 .text._Z12digitalWritehh
                0x0000000008002588       0x2c /home/nilay/STM32/STM32-ArduinoWithDebug/blink/.build/genericSTM32F103C/core/core.a(wirish_digital.cpp.o)
                0x0000000008002588                digitalWrite(unsigned char, unsigned char)
 .text._ZL6microsv
                0x00000000080025b4       0x34 /home/nilay/STM32/STM32-ArduinoWithDebug/blink/.build/genericSTM32F103C/core/core.a(wirish_time.cpp.o)
 .text._Z5delaym
                0x00000000080025e8       0x2a /home/nilay/STM32/STM32-ArduinoWithDebug/blink/.build/genericSTM32F103C/core/core.a(wirish_time.cpp.o)
                0x00000000080025e8                delay(unsigned long)
 *fill*         0x0000000008002612        0x2 
 .text._Z7pinModeh13WiringPinMode
                0x0000000008002614       0x84 /home/nilay/STM32/STM32-ArduinoWithDebug/blink/.build/genericSTM32F103C/core/core.a(wirish_digital_f1.cpp.o)
                0x0000000008002614                pinMode(unsigned char, WiringPinMode)
 .text.__empty  0x0000000008002698        0x2 /home/nilay/STM32/STM32-ArduinoWithDebug/blink/.build/genericSTM32F103C/core/core.a(hooks.c.o)
                0x0000000008002698                yield
 .text.bkp_init
                0x000000000800269a       0x18 /home/nilay/STM32/STM32-ArduinoWithDebug/blink/.build/genericSTM32F103C/core/core.a(bkp_f1.c.o)
                0x000000000800269a                bkp_init
 *fill*         0x00000000080026b2        0x2 
 .text.bkp_enable_writes
                0x00000000080026b4        0xc /home/nilay/STM32/STM32-ArduinoWithDebug/blink/.build/genericSTM32F103C/core/core.a(bkp_f1.c.o)
                0x00000000080026b4                bkp_enable_writes
 .text.bkp_disable_writes
                0x00000000080026c0        0xc /home/nilay/STM32/STM32-ArduinoWithDebug/blink/.build/genericSTM32F103C/core/core.a(bkp_f1.c.o)
                0x00000000080026c0                bkp_disable_writes
 .text.bkp_write
                0x00000000080026cc       0x16 /home/nilay/STM32/STM32-ArduinoWithDebug/blink/.build/genericSTM32F103C/core/core.a(bkp_f1.c.o)
                0x00000000080026cc                bkp_write
 .text.gpio_init
                0x00000000080026e2       0x14 /home/nilay/STM32/STM32-ArduinoWithDebug/blink/.build/genericSTM32F103C/core/core.a(gpio.c.o)
                0x00000000080026e2                gpio_init
 .text.i2c_start_condition
                0x00000000080026f6       0x14 /home/nilay/STM32/STM32-ArduinoWithDebug/blink/.build/genericSTM32F103C/core/core.a(i2c.c.o)
 .text.i2c_stop_condition
                0x000000000800270a       0x1c /home/nilay/STM32/STM32-ArduinoWithDebug/blink/.build/genericSTM32F103C/core/core.a(i2c.c.o)
 *fill*         0x0000000008002726        0x2 
 .text._i2c_irq_handler
                0x0000000008002728      0x16c /home/nilay/STM32/STM32-ArduinoWithDebug/blink/.build/genericSTM32F103C/core/core.a(i2c.c.o)
                0x0000000008002728                _i2c_irq_handler
 .text._i2c_irq_error_handler
                0x0000000008002894       0x2a /home/nilay/STM32/STM32-ArduinoWithDebug/blink/.build/genericSTM32F103C/core/core.a(i2c.c.o)
                0x0000000008002894                _i2c_irq_error_handler
 .text.usart_tx
                0x00000000080028be       0x9c /home/nilay/STM32/STM32-ArduinoWithDebug/blink/.build/genericSTM32F103C/core/core.a(usart.c.o)
                0x00000000080028be                usart_tx
 *fill*         0x000000000800295a        0x2 
 .text.exit     0x000000000800295c       0x20 /home/nilay/.arduino15/packages/arduino/tools/arm-none-eabi-gcc/4.8.3-2014q1/bin/../lib/gcc/arm-none-eabi/4.8.3/../../../../arm-none-eabi/lib/armv7-m/libc.a(lib_a-exit.o)
                0x000000000800295c                exit
 .text.__libc_init_array
                0x000000000800297c       0x50 /home/nilay/.arduino15/packages/arduino/tools/arm-none-eabi-gcc/4.8.3-2014q1/bin/../lib/gcc/arm-none-eabi/4.8.3/../../../../arm-none-eabi/lib/armv7-m/libc.a(lib_a-init.o)
                0x000000000800297c                __libc_init_array
 .text.strcpy   0x00000000080029cc       0xbc /home/nilay/.arduino15/packages/arduino/tools/arm-none-eabi-gcc/4.8.3-2014q1/bin/../lib/gcc/arm-none-eabi/4.8.3/../../../../arm-none-eabi/lib/armv7-m/libc.a(lib_a-strcpy.o)
                0x00000000080029cc                strcpy
 .text.strlen   0x0000000008002a88       0x60 /home/nilay/.arduino15/packages/arduino/tools/arm-none-eabi-gcc/4.8.3-2014q1/bin/../lib/gcc/arm-none-eabi/4.8.3/../../../../arm-none-eabi/lib/armv7-m/libc.a(lib_a-strlen.o)
                0x0000000008002a88                strlen
 .text.startup.register_fini
                0x0000000008002ae8       0x14 /home/nilay/.arduino15/packages/arduino/tools/arm-none-eabi-gcc/4.8.3-2014q1/bin/../lib/gcc/arm-none-eabi/4.8.3/../../../../arm-none-eabi/lib/armv7-m/libc.a(lib_a-__call_atexit.o)
 .text.__call_exitprocs
                0x0000000008002afc       0xf0 /home/nilay/.arduino15/packages/arduino/tools/arm-none-eabi-gcc/4.8.3-2014q1/bin/../lib/gcc/arm-none-eabi/4.8.3/../../../../arm-none-eabi/lib/armv7-m/libc.a(lib_a-__call_atexit.o)
                0x0000000008002afc                __call_exitprocs
 .text.atexit   0x0000000008002bec        0xc /home/nilay/.arduino15/packages/arduino/tools/arm-none-eabi-gcc/4.8.3-2014q1/bin/../lib/gcc/arm-none-eabi/4.8.3/../../../../arm-none-eabi/lib/armv7-m/libc.a(lib_a-atexit.o)
                0x0000000008002bec                atexit
 .text.__libc_fini_array
                0x0000000008002bf8       0x30 /home/nilay/.arduino15/packages/arduino/tools/arm-none-eabi-gcc/4.8.3-2014q1/bin/../lib/gcc/arm-none-eabi/4.8.3/../../../../arm-none-eabi/lib/armv7-m/libc.a(lib_a-fini.o)
                0x0000000008002bf8                __libc_fini_array
 .text.__register_exitproc
                0x0000000008002c28       0xa8 /home/nilay/.arduino15/packages/arduino/tools/arm-none-eabi-gcc/4.8.3-2014q1/bin/../lib/gcc/arm-none-eabi/4.8.3/../../../../arm-none-eabi/lib/armv7-m/libc.a(lib_a-__atexit.o)
                0x0000000008002c28                __register_exitproc
 *(.plt)
 *(.gnu.warning)
 *(.glue_7t)
 .glue_7t       0x0000000000000000        0x0 linker stubs
 *(.glue_7)
 .glue_7        0x0000000000000000        0x0 linker stubs
 *(.vfp11_veneer)
 .vfp11_veneer  0x0000000000000000        0x0 linker stubs
 *(.ARM.extab* .gnu.linkonce.armextab.*)
 *(.gcc_except_table)
 *(.eh_frame_hdr)
 *(.eh_frame)
 .eh_frame      0x0000000008002cd0        0x0 /home/nilay/.arduino15/packages/arduino/tools/arm-none-eabi-gcc/4.8.3-2014q1/bin/../lib/gcc/arm-none-eabi/4.8.3/armv7-m/crtbegin.o
                0x0000000008002cd0                . = ALIGN (0x4)
 *(.init)
 .init          0x0000000008002cd0        0x4 /home/nilay/.arduino15/packages/arduino/tools/arm-none-eabi-gcc/4.8.3-2014q1/bin/../lib/gcc/arm-none-eabi/4.8.3/armv7-m/crti.o
                0x0000000008002cd0                _init
 .init          0x0000000008002cd4        0x8 /home/nilay/.arduino15/packages/arduino/tools/arm-none-eabi-gcc/4.8.3-2014q1/bin/../lib/gcc/arm-none-eabi/4.8.3/armv7-m/crtn.o
                0x0000000008002cdc                . = ALIGN (0x4)
                0x0000000008002cdc                __preinit_array_start = .
 *(.preinit_array)
                0x0000000008002cdc                __preinit_array_end = .
                0x0000000008002cdc                . = ALIGN (0x4)
                0x0000000008002cdc                __init_array_start = .
 *(SORT(.init_array.*))
 .init_array.00000
                0x0000000008002cdc        0x4 /home/nilay/.arduino15/packages/arduino/tools/arm-none-eabi-gcc/4.8.3-2014q1/bin/../lib/gcc/arm-none-eabi/4.8.3/../../../../arm-none-eabi/lib/armv7-m/libc.a(lib_a-__call_atexit.o)
 .init_array.00101
                0x0000000008002ce0        0x4 /home/nilay/STM32/STM32-ArduinoWithDebug/blink/.build/genericSTM32F103C/core/core.a(main.cpp.o)
 *(.init_array)
 .init_array    0x0000000008002ce4        0x4 /home/nilay/.arduino15/packages/arduino/tools/arm-none-eabi-gcc/4.8.3-2014q1/bin/../lib/gcc/arm-none-eabi/4.8.3/armv7-m/crtbegin.o
 .init_array    0x0000000008002ce8        0x4 /home/nilay/STM32/STM32-ArduinoWithDebug/blink/.build/genericSTM32F103C/core/board.cpp.o
 .init_array    0x0000000008002cec        0x4 /home/nilay/STM32/STM32-ArduinoWithDebug/blink/.build/genericSTM32F103C/core/core.a(usb_serial.cpp.o)
                0x0000000008002cf0                __init_array_end = .
                0x0000000008002cf0                . = ALIGN (0x4)
 *crtbegin.o(.ctors)
 *(EXCLUDE_FILE(*crtend.o) .ctors)
 *(SORT(.ctors.*))
 *crtend.o(.ctors)
                0x0000000008002cf0                . = ALIGN (0x4)
 *(.fini)
 .fini          0x0000000008002cf0        0x4 /home/nilay/.arduino15/packages/arduino/tools/arm-none-eabi-gcc/4.8.3-2014q1/bin/../lib/gcc/arm-none-eabi/4.8.3/armv7-m/crti.o
                0x0000000008002cf0                _fini
 .fini          0x0000000008002cf4        0x8 /home/nilay/.arduino15/packages/arduino/tools/arm-none-eabi-gcc/4.8.3-2014q1/bin/../lib/gcc/arm-none-eabi/4.8.3/armv7-m/crtn.o
                0x0000000008002cfc                . = ALIGN (0x4)
                0x0000000008002cfc                __fini_array_start = .
 *(.fini_array)
 .fini_array    0x0000000008002cfc        0x4 /home/nilay/.arduino15/packages/arduino/tools/arm-none-eabi-gcc/4.8.3-2014q1/bin/../lib/gcc/arm-none-eabi/4.8.3/armv7-m/crtbegin.o
 *(SORT(.fini_array.*))
                0x0000000008002d00                __fini_array_end = .
 *crtbegin.o(.dtors)
 *(EXCLUDE_FILE(*crtend.o) .dtors)
 *(SORT(.dtors.*))
 *crtend.o(.dtors)

.v4_bx          0x0000000008002d00        0x0
 .v4_bx         0x0000000000000000        0x0 linker stubs

.iplt           0x0000000008002d00        0x0
 .iplt          0x0000000000000000        0x0 /home/nilay/.arduino15/packages/arduino/tools/arm-none-eabi-gcc/4.8.3-2014q1/bin/../lib/gcc/arm-none-eabi/4.8.3/armv7-m/crtbegin.o

.text.align     0x0000000008002d00        0x0
                0x0000000008002d00                . = ALIGN (0x8)
                0x0000000008002d00                __text_end__ = .
                0x0000000008002d00                __exidx_start = .

.ARM.exidx      0x0000000008002d00        0x8
 *(.ARM.exidx* .gnu.linkonce.armexidx.*)
 .ARM.exidx     0x0000000008002d00        0x8 /home/nilay/STM32/STM32-ArduinoWithDebug/blink/.build/genericSTM32F103C/core/wirish/start.S.o
                0x0000000008002d08                __exidx_end = .

.data           0x0000000020000000      0x868 load address 0x0000000008002d08
                0x0000000020000000                __data_start__ = .
                0x0000000020000000        0x4 LONG 0x0
                0x0000000020000008                . = ALIGN (0x8)
 *fill*         0x0000000020000004        0x4 
 *(.got.plt)
 *(.got)
 *(.data .data.* .gnu.linkonce.d.*)
 .data._ZN6wirish4privL8pll_dataE
                0x0000000020000008        0x4 /home/nilay/STM32/STM32-ArduinoWithDebug/blink/.build/genericSTM32F103C/core/wirish/boards_setup.cpp.o
 .data._ZN6wirish4priv9w_adc_smpE
                0x000000002000000c        0x1 /home/nilay/STM32/STM32-ArduinoWithDebug/blink/.build/genericSTM32F103C/core/wirish/boards_setup.cpp.o
                0x000000002000000c                wirish::priv::w_adc_smp
 *fill*         0x000000002000000d        0x1 
 .data._ZN6wirish4priv9w_adc_preE
                0x000000002000000e        0x2 /home/nilay/STM32/STM32-ArduinoWithDebug/blink/.build/genericSTM32F103C/core/wirish/boards_setup.cpp.o
                0x000000002000000e                wirish::priv::w_adc_pre
 .data._ZN6wirish4priv15w_board_pll_cfgE
                0x0000000020000010        0x8 /home/nilay/STM32/STM32-ArduinoWithDebug/blink/.build/genericSTM32F103C/core/wirish/boards_setup.cpp.o
                0x0000000020000010                wirish::priv::w_board_pll_cfg
 .data.adc2     0x0000000020000018        0x8 /home/nilay/STM32/STM32-ArduinoWithDebug/blink/.build/genericSTM32F103C/core/core.a(adc_f1.c.o)
                0x0000000020000018                adc2
 .data.adc1     0x0000000020000020       0x18 /home/nilay/STM32/STM32-ArduinoWithDebug/blink/.build/genericSTM32F103C/core/core.a(adc_f1.c.o)
                0x0000000020000020                adc1
 .data.ADC2     0x0000000020000038        0x4 /home/nilay/STM32/STM32-ArduinoWithDebug/blink/.build/genericSTM32F103C/core/core.a(adc_f1.c.o)
                0x0000000020000038                ADC2
 .data.ADC1     0x000000002000003c        0x4 /home/nilay/STM32/STM32-ArduinoWithDebug/blink/.build/genericSTM32F103C/core/core.a(adc_f1.c.o)
                0x000000002000003c                ADC1
 .data.dma1     0x0000000020000040       0x40 /home/nilay/STM32/STM32-ArduinoWithDebug/blink/.build/genericSTM32F103C/core/core.a(dma_f1.c.o)
 .data.DMA1     0x0000000020000080        0x4 /home/nilay/STM32/STM32-ArduinoWithDebug/blink/.build/genericSTM32F103C/core/core.a(dma_f1.c.o)
                0x0000000020000080                DMA1
 .data.gpioa    0x0000000020000084        0x8 /home/nilay/STM32/STM32-ArduinoWithDebug/blink/.build/genericSTM32F103C/core/core.a(gpio_f1.c.o)
                0x0000000020000084                gpioa
 .data.gpiob    0x000000002000008c        0x8 /home/nilay/STM32/STM32-ArduinoWithDebug/blink/.build/genericSTM32F103C/core/core.a(gpio_f1.c.o)
                0x000000002000008c                gpiob
 .data.gpioc    0x0000000020000094        0x8 /home/nilay/STM32/STM32-ArduinoWithDebug/blink/.build/genericSTM32F103C/core/core.a(gpio_f1.c.o)
                0x0000000020000094                gpioc
 .data.gpiod    0x000000002000009c        0x8 /home/nilay/STM32/STM32-ArduinoWithDebug/blink/.build/genericSTM32F103C/core/core.a(gpio_f1.c.o)
                0x000000002000009c                gpiod
 .data.i2c1     0x00000000200000a4       0x24 /home/nilay/STM32/STM32-ArduinoWithDebug/blink/.build/genericSTM32F103C/core/core.a(i2c_f1.c.o)
 .data.i2c2     0x00000000200000c8       0x24 /home/nilay/STM32/STM32-ArduinoWithDebug/blink/.build/genericSTM32F103C/core/core.a(i2c_f1.c.o)
 .data.enable_regs.4411
                0x00000000200000ec        0xc /home/nilay/STM32/STM32-ArduinoWithDebug/blink/.build/genericSTM32F103C/core/core.a(rcc_f1.c.o)
 .data.reset_regs.4415
                0x00000000200000f8        0x8 /home/nilay/STM32/STM32-ArduinoWithDebug/blink/.build/genericSTM32F103C/core/core.a(rcc_f1.c.o)
 .data.enable_regs.4424
                0x0000000020000100        0xc /home/nilay/STM32/STM32-ArduinoWithDebug/blink/.build/genericSTM32F103C/core/core.a(rcc_f1.c.o)
 .data.timer3   0x000000002000010c       0x24 /home/nilay/STM32/STM32-ArduinoWithDebug/blink/.build/genericSTM32F103C/core/core.a(timer.c.o)
                0x000000002000010c                timer3
 .data.timer4   0x0000000020000130       0x24 /home/nilay/STM32/STM32-ArduinoWithDebug/blink/.build/genericSTM32F103C/core/core.a(timer.c.o)
                0x0000000020000130                timer4
 .data.timer1   0x0000000020000154       0x28 /home/nilay/STM32/STM32-ArduinoWithDebug/blink/.build/genericSTM32F103C/core/core.a(timer.c.o)
                0x0000000020000154                timer1
 .data.timer2   0x000000002000017c       0x24 /home/nilay/STM32/STM32-ArduinoWithDebug/blink/.build/genericSTM32F103C/core/core.a(timer.c.o)
                0x000000002000017c                timer2
 .data.USART1   0x00000000200001a0        0x4 /home/nilay/STM32/STM32-ArduinoWithDebug/blink/.build/genericSTM32F103C/core/core.a(usart_f1.c.o)
                0x00000000200001a0                USART1
 .data.USART2   0x00000000200001a4        0x4 /home/nilay/STM32/STM32-ArduinoWithDebug/blink/.build/genericSTM32F103C/core/core.a(usart_f1.c.o)
                0x00000000200001a4                USART2
 .data.USART3   0x00000000200001a8        0x4 /home/nilay/STM32/STM32-ArduinoWithDebug/blink/.build/genericSTM32F103C/core/core.a(usart_f1.c.o)
                0x00000000200001a8                USART3
 .data.usart1   0x00000000200001ac       0x94 /home/nilay/STM32/STM32-ArduinoWithDebug/blink/.build/genericSTM32F103C/core/core.a(usart_f1.c.o)
 .data.usart2   0x0000000020000240       0x94 /home/nilay/STM32/STM32-ArduinoWithDebug/blink/.build/genericSTM32F103C/core/core.a(usart_f1.c.o)
 .data.usart3   0x00000000200002d4       0x94 /home/nilay/STM32/STM32-ArduinoWithDebug/blink/.build/genericSTM32F103C/core/core.a(usart_f1.c.o)
 .data.USBLIB   0x0000000020000368        0x4 /home/nilay/STM32/STM32-ArduinoWithDebug/blink/.build/genericSTM32F103C/core/core.a(usb.c.o)
                0x0000000020000368                USBLIB
 .data.usblib   0x000000002000036c       0x10 /home/nilay/STM32/STM32-ArduinoWithDebug/blink/.build/genericSTM32F103C/core/core.a(usb.c.o)
 .data.Config_Descriptor
                0x000000002000037c        0x8 /home/nilay/STM32/STM32-ArduinoWithDebug/blink/.build/genericSTM32F103C/core/core.a(usb_cdcacm.c.o)
 .data.Device_Property
                0x0000000020000384       0x30 /home/nilay/STM32/STM32-ArduinoWithDebug/blink/.build/genericSTM32F103C/core/core.a(usb_cdcacm.c.o)
                0x0000000020000384                Device_Property
 .data.ep_int_in
                0x00000000200003b4       0x1c /home/nilay/STM32/STM32-ArduinoWithDebug/blink/.build/genericSTM32F103C/core/core.a(usb_cdcacm.c.o)
 .data.String_Descriptor
                0x00000000200003d0       0x18 /home/nilay/STM32/STM32-ArduinoWithDebug/blink/.build/genericSTM32F103C/core/core.a(usb_cdcacm.c.o)
 .data.ep_int_out
                0x00000000200003e8       0x1c /home/nilay/STM32/STM32-ArduinoWithDebug/blink/.build/genericSTM32F103C/core/core.a(usb_cdcacm.c.o)
 .data.line_coding
                0x0000000020000404        0x7 /home/nilay/STM32/STM32-ArduinoWithDebug/blink/.build/genericSTM32F103C/core/core.a(usb_cdcacm.c.o)
 *fill*         0x000000002000040b        0x1 
 .data.User_Standard_Requests
                0x000000002000040c       0x24 /home/nilay/STM32/STM32-ArduinoWithDebug/blink/.build/genericSTM32F103C/core/core.a(usb_cdcacm.c.o)
                0x000000002000040c                User_Standard_Requests
 .data.Device_Descriptor
                0x0000000020000430        0x8 /home/nilay/STM32/STM32-ArduinoWithDebug/blink/.build/genericSTM32F103C/core/core.a(usb_cdcacm.c.o)
 .data.Device_Table
                0x0000000020000438        0x2 /home/nilay/STM32/STM32-ArduinoWithDebug/blink/.build/genericSTM32F103C/core/core.a(usb_cdcacm.c.o)
                0x0000000020000438                Device_Table
 *fill*         0x000000002000043a        0x6 
 .data.impure_data
                0x0000000020000440      0x428 /home/nilay/.arduino15/packages/arduino/tools/arm-none-eabi-gcc/4.8.3-2014q1/bin/../lib/gcc/arm-none-eabi/4.8.3/../../../../arm-none-eabi/lib/armv7-m/libc.a(lib_a-impure.o)
                0x0000000020000868                . = ALIGN (0x8)
                0x0000000020000868                __data_end__ = .

.jcr            0x0000000020000868        0x0 load address 0x0000000008003570
 .jcr           0x0000000020000868        0x0 /home/nilay/.arduino15/packages/arduino/tools/arm-none-eabi-gcc/4.8.3-2014q1/bin/../lib/gcc/arm-none-eabi/4.8.3/armv7-m/crtbegin.o

.igot.plt       0x0000000020000868        0x0 load address 0x0000000008003570
 .igot.plt      0x0000000000000000        0x0 /home/nilay/.arduino15/packages/arduino/tools/arm-none-eabi-gcc/4.8.3-2014q1/bin/../lib/gcc/arm-none-eabi/4.8.3/armv7-m/crtbegin.o

.rodata         0x0000000008003570      0x3a4
 *(.rodata .rodata.* .gnu.linkonce.r.*)
 .rodata.str1.1
                0x0000000008003570       0x2a /home/nilay/STM32/STM32-ArduinoWithDebug/blink/.build/genericSTM32F103C/sketch/blink.ino.cpp.o
 *fill*         0x000000000800359a        0x2 
 .rodata.PIN_MAP
                0x000000000800359c      0x230 /home/nilay/STM32/STM32-ArduinoWithDebug/blink/.build/genericSTM32F103C/core/board.cpp.o
                0x000000000800359c                PIN_MAP
 .rodata.GPIOC  0x00000000080037cc        0x4 /home/nilay/STM32/STM32-ArduinoWithDebug/blink/.build/genericSTM32F103C/core/core.a(gpio_f1.c.o)
                0x00000000080037cc                GPIOC
 .rodata.rcc_dev_table
                0x00000000080037d0       0x5c /home/nilay/STM32/STM32-ArduinoWithDebug/blink/.build/genericSTM32F103C/core/core.a(rcc_f1.c.o)
                0x00000000080037d0                rcc_dev_table
 .rodata.masks.4420
                0x000000000800382c       0x14 /home/nilay/STM32/STM32-ArduinoWithDebug/blink/.build/genericSTM32F103C/core/core.a(rcc_f1.c.o)
 .rodata.usbVcomDescriptor_iProduct
                0x0000000008003840        0xc /home/nilay/STM32/STM32-ArduinoWithDebug/blink/.build/genericSTM32F103C/core/core.a(usb_cdcacm.c.o)
 .rodata.usbVcomDescriptor_iManufacturer
                0x000000000800384c       0x12 /home/nilay/STM32/STM32-ArduinoWithDebug/blink/.build/genericSTM32F103C/core/core.a(usb_cdcacm.c.o)
 .rodata.usbVcomDescriptor_Device
                0x000000000800385e       0x12 /home/nilay/STM32/STM32-ArduinoWithDebug/blink/.build/genericSTM32F103C/core/core.a(usb_cdcacm.c.o)
 .rodata.usbVcomDescriptor_Config
                0x0000000008003870       0x43 /home/nilay/STM32/STM32-ArduinoWithDebug/blink/.build/genericSTM32F103C/core/core.a(usb_cdcacm.c.o)
 .rodata.usbVcomDescriptor_LangID
                0x00000000080038b3        0x4 /home/nilay/STM32/STM32-ArduinoWithDebug/blink/.build/genericSTM32F103C/core/core.a(usb_cdcacm.c.o)
 *fill*         0x00000000080038b7        0x1 
 .rodata._ZTV14HardwareSerial
                0x00000000080038b8       0x28 /home/nilay/STM32/STM32-ArduinoWithDebug/blink/.build/genericSTM32F103C/core/core.a(HardwareSerial.cpp.o)
                0x00000000080038b8                vtable for HardwareSerial
 .rodata._ZTV9USBSerial
                0x00000000080038e0       0x28 /home/nilay/STM32/STM32-ArduinoWithDebug/blink/.build/genericSTM32F103C/core/core.a(usb_serial.cpp.o)
                0x00000000080038e0                vtable for USBSerial
 .rodata.str1.4
                0x0000000008003908        0x4 /home/nilay/.arduino15/packages/arduino/tools/arm-none-eabi-gcc/4.8.3-2014q1/bin/../lib/gcc/arm-none-eabi/4.8.3/../../../../arm-none-eabi/lib/armv7-m/libc.a(lib_a-impure.o)
 .rodata._global_impure_ptr
                0x000000000800390c        0x4 /home/nilay/.arduino15/packages/arduino/tools/arm-none-eabi-gcc/4.8.3-2014q1/bin/../lib/gcc/arm-none-eabi/4.8.3/../../../../arm-none-eabi/lib/armv7-m/libc.a(lib_a-impure.o)
                0x000000000800390c                _global_impure_ptr
 *(.USER_FLASH)
                0x0000000008003910                . = ALIGN (0x4)
                0x0000000008003910                _lm_rom_img_cfgp = .
                0x0000000008003910        0x4 LONG 0x8002d08 LOADADDR (.data)
                0x0000000020001018                _lm_heap_start = DEFINED (_lm_heap_start)?_lm_heap_start:_end
                0x0000000020005000                _lm_heap_end = DEFINED (_lm_heap_end)?_lm_heap_end:__msp_init

.rel.dyn        0x0000000008003914        0x0
 .rel.iplt      0x0000000000000000        0x0 /home/nilay/.arduino15/packages/arduino/tools/arm-none-eabi-gcc/4.8.3-2014q1/bin/../lib/gcc/arm-none-eabi/4.8.3/armv7-m/crtbegin.o

.bss            0x0000000020000868      0x7b0
                0x0000000020000868                . = ALIGN (0x8)
                0x0000000020000868                __bss_start__ = .
 *(.bss .bss.* .gnu.linkonce.b.*)
 .bss           0x0000000020000868       0x1c /home/nilay/.arduino15/packages/arduino/tools/arm-none-eabi-gcc/4.8.3-2014q1/bin/../lib/gcc/arm-none-eabi/4.8.3/armv7-m/crtbegin.o
 .bss.count     0x0000000020000884        0x1 /home/nilay/STM32/STM32-ArduinoWithDebug/blink/.build/genericSTM32F103C/sketch/blink.ino.cpp.o
                0x0000000020000884                count
 .bss.mess      0x0000000020000885      0x400 /home/nilay/STM32/STM32-ArduinoWithDebug/blink/.build/genericSTM32F103C/sketch/blink.ino.cpp.o
                0x0000000020000885                mess
 *fill*         0x0000000020000c85        0x3 
 .bss.Serial1   0x0000000020000c88       0x18 /home/nilay/STM32/STM32-ArduinoWithDebug/blink/.build/genericSTM32F103C/core/board.cpp.o
                0x0000000020000c88                Serial1
 .bss.Serial2   0x0000000020000ca0       0x18 /home/nilay/STM32/STM32-ArduinoWithDebug/blink/.build/genericSTM32F103C/core/board.cpp.o
                0x0000000020000ca0                Serial2
 .bss.Serial3   0x0000000020000cb8       0x18 /home/nilay/STM32/STM32-ArduinoWithDebug/blink/.build/genericSTM32F103C/core/board.cpp.o
                0x0000000020000cb8                Serial3
 .bss.exti_channels
                0x0000000020000cd0       0x80 /home/nilay/STM32/STM32-ArduinoWithDebug/blink/.build/genericSTM32F103C/core/core.a(exti.c.o)
 .bss.systick_user_callback
                0x0000000020000d50        0x4 /home/nilay/STM32/STM32-ArduinoWithDebug/blink/.build/genericSTM32F103C/core/core.a(systick.c.o)
 .bss.usart1_wb
                0x0000000020000d54        0xc /home/nilay/STM32/STM32-ArduinoWithDebug/blink/.build/genericSTM32F103C/core/core.a(usart_f1.c.o)
 .bss.usart1_rb
                0x0000000020000d60        0xc /home/nilay/STM32/STM32-ArduinoWithDebug/blink/.build/genericSTM32F103C/core/core.a(usart_f1.c.o)
 .bss.usart2_rb
                0x0000000020000d6c        0xc /home/nilay/STM32/STM32-ArduinoWithDebug/blink/.build/genericSTM32F103C/core/core.a(usart_f1.c.o)
 .bss.usart3_rb
                0x0000000020000d78        0xc /home/nilay/STM32/STM32-ArduinoWithDebug/blink/.build/genericSTM32F103C/core/core.a(usart_f1.c.o)
 .bss.usart2_wb
                0x0000000020000d84        0xc /home/nilay/STM32/STM32-ArduinoWithDebug/blink/.build/genericSTM32F103C/core/core.a(usart_f1.c.o)
 .bss.usart3_wb
                0x0000000020000d90        0xc /home/nilay/STM32/STM32-ArduinoWithDebug/blink/.build/genericSTM32F103C/core/core.a(usart_f1.c.o)
 .bss.line_dtr_rts
                0x0000000020000d9c        0x1 /home/nilay/STM32/STM32-ArduinoWithDebug/blink/.build/genericSTM32F103C/core/core.a(usb_cdcacm.c.o)
 .bss.vcomBufferTx
                0x0000000020000d9d      0x100 /home/nilay/STM32/STM32-ArduinoWithDebug/blink/.build/genericSTM32F103C/core/core.a(usb_cdcacm.c.o)
 *fill*         0x0000000020000e9d        0x3 
 .bss.tx_head   0x0000000020000ea0        0x4 /home/nilay/STM32/STM32-ArduinoWithDebug/blink/.build/genericSTM32F103C/core/core.a(usb_cdcacm.c.o)
 .bss.rx_hook   0x0000000020000ea4        0x4 /home/nilay/STM32/STM32-ArduinoWithDebug/blink/.build/genericSTM32F103C/core/core.a(usb_cdcacm.c.o)
 .bss.vcomBufferRx
                0x0000000020000ea8      0x100 /home/nilay/STM32/STM32-ArduinoWithDebug/blink/.build/genericSTM32F103C/core/core.a(usb_cdcacm.c.o)
 .bss.transmitting
                0x0000000020000fa8        0x1 /home/nilay/STM32/STM32-ArduinoWithDebug/blink/.build/genericSTM32F103C/core/core.a(usb_cdcacm.c.o)
 *fill*         0x0000000020000fa9        0x3 
 .bss.rx_tail   0x0000000020000fac        0x4 /home/nilay/STM32/STM32-ArduinoWithDebug/blink/.build/genericSTM32F103C/core/core.a(usb_cdcacm.c.o)
 .bss.iface_setup_hook
                0x0000000020000fb0        0x4 /home/nilay/STM32/STM32-ArduinoWithDebug/blink/.build/genericSTM32F103C/core/core.a(usb_cdcacm.c.o)
 .bss.rx_head   0x0000000020000fb4        0x4 /home/nilay/STM32/STM32-ArduinoWithDebug/blink/.build/genericSTM32F103C/core/core.a(usb_cdcacm.c.o)
 .bss.tx_tail   0x0000000020000fb8        0x4 /home/nilay/STM32/STM32-ArduinoWithDebug/blink/.build/genericSTM32F103C/core/core.a(usb_cdcacm.c.o)
 .bss.Data_Mul_MaxPacketSize
                0x0000000020000fbc        0x1 /home/nilay/STM32/STM32-ArduinoWithDebug/blink/.build/genericSTM32F103C/core/core.a(usb_core.c.o)
                0x0000000020000fbc                Data_Mul_MaxPacketSize
 .bss._ZN9USBSerial9_hasBegunE
                0x0000000020000fbd        0x1 /home/nilay/STM32/STM32-ArduinoWithDebug/blink/.build/genericSTM32F103C/core/core.a(usb_serial.cpp.o)
                0x0000000020000fbd                USBSerial::_hasBegun
 *fill*         0x0000000020000fbe        0x2 
 .bss.Serial    0x0000000020000fc0       0x10 /home/nilay/STM32/STM32-ArduinoWithDebug/blink/.build/genericSTM32F103C/core/core.a(usb_serial.cpp.o)
                0x0000000020000fc0                Serial
 .bss._ZL11reset_state
                0x0000000020000fd0        0x1 /home/nilay/STM32/STM32-ArduinoWithDebug/blink/.build/genericSTM32F103C/core/core.a(usb_serial.cpp.o)
 *(COMMON)
 *fill*         0x0000000020000fd1        0x3 
 COMMON         0x0000000020000fd4        0x4 /home/nilay/STM32/STM32-ArduinoWithDebug/blink/.build/genericSTM32F103C/core/core.a(systick.c.o)
                0x0000000020000fd4                systick_uptime_millis
 COMMON         0x0000000020000fd8        0x6 /home/nilay/STM32/STM32-ArduinoWithDebug/blink/.build/genericSTM32F103C/core/core.a(usb.c.o)
                0x0000000020000fd8                SaveRState
                0x0000000020000fda                SaveTState
                0x0000000020000fdc                ResumeS
 COMMON         0x0000000020000fde        0x2 /home/nilay/STM32/STM32-ArduinoWithDebug/blink/.build/genericSTM32F103C/core/core.a(usb_core.c.o)
                0x0000000020000fde                StatusInfo
 COMMON         0x0000000020000fe0       0x32 /home/nilay/STM32/STM32-ArduinoWithDebug/blink/.build/genericSTM32F103C/core/core.a(usb_init.c.o)
                0x0000000020000fe0                SaveState
                0x0000000020000fe4                pProperty
                0x0000000020000fe8                EPindex
                0x0000000020000fec                Device_Info
                0x0000000020001008                pUser_Standard_Requests
                0x000000002000100c                pInformation
                0x0000000020001010                wInterrupt_Mask
                0x0000000020001018                . = ALIGN (0x8)
 *fill*         0x0000000020001012        0x6 
                0x0000000020001018                __bss_end__ = .
                0x0000000020001018                _end = __bss_end__

.stab
 *(.stab)

.stabstr
 *(.stabstr)

.debug
 *(.debug)

.line
 *(.line)

.debug_srcinfo
 *(.debug_srcinfo)

.debug_sfnames
 *(.debug_sfnames)

.debug_aranges  0x0000000000000000      0xf78
 *(.debug_aranges)
 .debug_aranges
                0x0000000000000000       0x28 /home/nilay/STM32/STM32-ArduinoWithDebug/blink/.build/genericSTM32F103C/sketch/blink.ino.cpp.o
 .debug_aranges
                0x0000000000000028       0x20 /home/nilay/STM32/STM32-ArduinoWithDebug/blink/.build/genericSTM32F103C/core/wirish/start.S.o
 .debug_aranges
                0x0000000000000048       0x20 /home/nilay/STM32/STM32-ArduinoWithDebug/blink/.build/genericSTM32F103C/core/wirish/start_c.c.o
 .debug_aranges
                0x0000000000000068       0x88 /home/nilay/STM32/STM32-ArduinoWithDebug/blink/.build/genericSTM32F103C/core/wirish/syscalls.c.o
 .debug_aranges
                0x00000000000000f0       0x28 /home/nilay/STM32/STM32-ArduinoWithDebug/blink/.build/genericSTM32F103C/core/board.cpp.o
 .debug_aranges
                0x0000000000000118       0x40 /home/nilay/STM32/STM32-ArduinoWithDebug/blink/.build/genericSTM32F103C/core/wirish/boards.cpp.o
 .debug_aranges
                0x0000000000000158       0x40 /home/nilay/STM32/STM32-ArduinoWithDebug/blink/.build/genericSTM32F103C/core/wirish/boards_setup.cpp.o
 .debug_aranges
                0x0000000000000198       0x20 /home/nilay/STM32/STM32-ArduinoWithDebug/blink/.build/genericSTM32F103C/core/core.a(exc.S.o)
 .debug_aranges
                0x00000000000001b8       0x20 /home/nilay/STM32/STM32-ArduinoWithDebug/blink/.build/genericSTM32F103C/core/core.a(isrs.S.o)
 .debug_aranges
                0x00000000000001d8       0x38 /home/nilay/STM32/STM32-ArduinoWithDebug/blink/.build/genericSTM32F103C/core/core.a(adc.c.o)
 .debug_aranges
                0x0000000000000210       0x58 /home/nilay/STM32/STM32-ArduinoWithDebug/blink/.build/genericSTM32F103C/core/core.a(adc_f1.c.o)
 .debug_aranges
                0x0000000000000268       0xa8 /home/nilay/STM32/STM32-ArduinoWithDebug/blink/.build/genericSTM32F103C/core/core.a(dma_f1.c.o)
 .debug_aranges
                0x0000000000000310       0x70 /home/nilay/STM32/STM32-ArduinoWithDebug/blink/.build/genericSTM32F103C/core/core.a(exti.c.o)
 .debug_aranges
                0x0000000000000380       0x20 /home/nilay/STM32/STM32-ArduinoWithDebug/blink/.build/genericSTM32F103C/core/core.a(exti_f1.c.o)
 .debug_aranges
                0x00000000000003a0       0x20 /home/nilay/STM32/STM32-ArduinoWithDebug/blink/.build/genericSTM32F103C/core/core.a(flash.c.o)
 .debug_aranges
                0x00000000000003c0       0x40 /home/nilay/STM32/STM32-ArduinoWithDebug/blink/.build/genericSTM32F103C/core/core.a(gpio_f1.c.o)
 .debug_aranges
                0x0000000000000400       0x50 /home/nilay/STM32/STM32-ArduinoWithDebug/blink/.build/genericSTM32F103C/core/core.a(i2c_f1.c.o)
 .debug_aranges
                0x0000000000000450       0x38 /home/nilay/STM32/STM32-ArduinoWithDebug/blink/.build/genericSTM32F103C/core/core.a(nvic.c.o)
 .debug_aranges
                0x0000000000000488       0x48 /home/nilay/STM32/STM32-ArduinoWithDebug/blink/.build/genericSTM32F103C/core/core.a(rcc.c.o)
 .debug_aranges
                0x00000000000004d0       0x48 /home/nilay/STM32/STM32-ArduinoWithDebug/blink/.build/genericSTM32F103C/core/core.a(rcc_f1.c.o)
 .debug_aranges
                0x0000000000000518       0x40 /home/nilay/STM32/STM32-ArduinoWithDebug/blink/.build/genericSTM32F103C/core/core.a(systick.c.o)
 .debug_aranges
                0x0000000000000558       0xa8 /home/nilay/STM32/STM32-ArduinoWithDebug/blink/.build/genericSTM32F103C/core/core.a(timer.c.o)
 .debug_aranges
                0x0000000000000600       0x58 /home/nilay/STM32/STM32-ArduinoWithDebug/blink/.build/genericSTM32F103C/core/core.a(usart_f1.c.o)
 .debug_aranges
                0x0000000000000658       0x20 /home/nilay/STM32/STM32-ArduinoWithDebug/blink/.build/genericSTM32F103C/core/core.a(usart_private.c.o)
 .debug_aranges
                0x0000000000000678       0x50 /home/nilay/STM32/STM32-ArduinoWithDebug/blink/.build/genericSTM32F103C/core/core.a(util.c.o)
 .debug_aranges
                0x00000000000006c8       0x38 /home/nilay/STM32/STM32-ArduinoWithDebug/blink/.build/genericSTM32F103C/core/core.a(usb.c.o)
 .debug_aranges
                0x0000000000000700      0x128 /home/nilay/STM32/STM32-ArduinoWithDebug/blink/.build/genericSTM32F103C/core/core.a(usb_cdcacm.c.o)
 .debug_aranges
                0x0000000000000828       0x20 /home/nilay/STM32/STM32-ArduinoWithDebug/blink/.build/genericSTM32F103C/core/core.a(usb_reg_map.c.o)
 .debug_aranges
                0x0000000000000848       0x98 /home/nilay/STM32/STM32-ArduinoWithDebug/blink/.build/genericSTM32F103C/core/core.a(usb_core.c.o)
 .debug_aranges
                0x00000000000008e0       0x20 /home/nilay/STM32/STM32-ArduinoWithDebug/blink/.build/genericSTM32F103C/core/core.a(usb_init.c.o)
 .debug_aranges
                0x0000000000000900       0x28 /home/nilay/STM32/STM32-ArduinoWithDebug/blink/.build/genericSTM32F103C/core/core.a(usb_mem.c.o)
 .debug_aranges
                0x0000000000000928      0x1f0 /home/nilay/STM32/STM32-ArduinoWithDebug/blink/.build/genericSTM32F103C/core/core.a(usb_regs.c.o)
 .debug_aranges
                0x0000000000000b18       0x70 /home/nilay/STM32/STM32-ArduinoWithDebug/blink/.build/genericSTM32F103C/core/core.a(HardwareSerial.cpp.o)
 .debug_aranges
                0x0000000000000b88      0x110 /home/nilay/STM32/STM32-ArduinoWithDebug/blink/.build/genericSTM32F103C/core/core.a(Print.cpp.o)
 .debug_aranges
                0x0000000000000c98       0x20 /home/nilay/STM32/STM32-ArduinoWithDebug/blink/.build/genericSTM32F103C/core/core.a(cxxabi-compat.cpp.o)
 .debug_aranges
                0x0000000000000cb8       0x28 /home/nilay/STM32/STM32-ArduinoWithDebug/blink/.build/genericSTM32F103C/core/core.a(main.cpp.o)
 .debug_aranges
                0x0000000000000ce0       0xd0 /home/nilay/STM32/STM32-ArduinoWithDebug/blink/.build/genericSTM32F103C/core/core.a(usb_serial.cpp.o)
 .debug_aranges
                0x0000000000000db0       0x28 /home/nilay/STM32/STM32-ArduinoWithDebug/blink/.build/genericSTM32F103C/core/core.a(wirish_digital.cpp.o)
 .debug_aranges
                0x0000000000000dd8       0x30 /home/nilay/STM32/STM32-ArduinoWithDebug/blink/.build/genericSTM32F103C/core/core.a(wirish_time.cpp.o)
 .debug_aranges
                0x0000000000000e08       0x20 /home/nilay/STM32/STM32-ArduinoWithDebug/blink/.build/genericSTM32F103C/core/core.a(wirish_digital_f1.cpp.o)
 .debug_aranges
                0x0000000000000e28       0x20 /home/nilay/STM32/STM32-ArduinoWithDebug/blink/.build/genericSTM32F103C/core/core.a(hooks.c.o)
 .debug_aranges
                0x0000000000000e48       0x40 /home/nilay/STM32/STM32-ArduinoWithDebug/blink/.build/genericSTM32F103C/core/core.a(bkp_f1.c.o)
 .debug_aranges
                0x0000000000000e88       0x28 /home/nilay/STM32/STM32-ArduinoWithDebug/blink/.build/genericSTM32F103C/core/core.a(dma.c.o)
 .debug_aranges
                0x0000000000000eb0       0x20 /home/nilay/STM32/STM32-ArduinoWithDebug/blink/.build/genericSTM32F103C/core/core.a(gpio.c.o)
 .debug_aranges
                0x0000000000000ed0       0x60 /home/nilay/STM32/STM32-ArduinoWithDebug/blink/.build/genericSTM32F103C/core/core.a(i2c.c.o)
 .debug_aranges
                0x0000000000000f30       0x48 /home/nilay/STM32/STM32-ArduinoWithDebug/blink/.build/genericSTM32F103C/core/core.a(usart.c.o)

.debug_pubnames
 *(.debug_pubnames)

.debug_info     0x0000000000000000    0x1ff1c
 *(.debug_info .gnu.linkonce.wi.*)
 .debug_info    0x0000000000000000      0x3fe /home/nilay/STM32/STM32-ArduinoWithDebug/blink/.build/genericSTM32F103C/sketch/blink.ino.cpp.o
 .debug_info    0x00000000000003fe       0xe4 /home/nilay/STM32/STM32-ArduinoWithDebug/blink/.build/genericSTM32F103C/core/wirish/start.S.o
 .debug_info    0x00000000000004e2      0x176 /home/nilay/STM32/STM32-ArduinoWithDebug/blink/.build/genericSTM32F103C/core/wirish/start_c.c.o
 .debug_info    0x0000000000000658      0x5cd /home/nilay/STM32/STM32-ArduinoWithDebug/blink/.build/genericSTM32F103C/core/wirish/syscalls.c.o
 .debug_info    0x0000000000000c25      0xf2e /home/nilay/STM32/STM32-ArduinoWithDebug/blink/.build/genericSTM32F103C/core/board.cpp.o
 .debug_info    0x0000000000001b53     0x142d /home/nilay/STM32/STM32-ArduinoWithDebug/blink/.build/genericSTM32F103C/core/wirish/boards.cpp.o
 .debug_info    0x0000000000002f80     0x10c5 /home/nilay/STM32/STM32-ArduinoWithDebug/blink/.build/genericSTM32F103C/core/wirish/boards_setup.cpp.o
 .debug_info    0x0000000000004045       0xd4 /home/nilay/STM32/STM32-ArduinoWithDebug/blink/.build/genericSTM32F103C/core/core.a(exc.S.o)
 .debug_info    0x0000000000004119       0xe9 /home/nilay/STM32/STM32-ArduinoWithDebug/blink/.build/genericSTM32F103C/core/core.a(isrs.S.o)
 .debug_info    0x0000000000004202      0x79a /home/nilay/STM32/STM32-ArduinoWithDebug/blink/.build/genericSTM32F103C/core/core.a(adc.c.o)
 .debug_info    0x000000000000499c      0xe4a /home/nilay/STM32/STM32-ArduinoWithDebug/blink/.build/genericSTM32F103C/core/core.a(adc_f1.c.o)
 .debug_info    0x00000000000057e6     0x19f2 /home/nilay/STM32/STM32-ArduinoWithDebug/blink/.build/genericSTM32F103C/core/core.a(dma_f1.c.o)
 .debug_info    0x00000000000071d8      0xedd /home/nilay/STM32/STM32-ArduinoWithDebug/blink/.build/genericSTM32F103C/core/core.a(exti.c.o)
 .debug_info    0x00000000000080b5      0x213 /home/nilay/STM32/STM32-ArduinoWithDebug/blink/.build/genericSTM32F103C/core/core.a(exti_f1.c.o)
 .debug_info    0x00000000000082c8      0x128 /home/nilay/STM32/STM32-ArduinoWithDebug/blink/.build/genericSTM32F103C/core/core.a(flash.c.o)
 .debug_info    0x00000000000083f0      0x6d6 /home/nilay/STM32/STM32-ArduinoWithDebug/blink/.build/genericSTM32F103C/core/core.a(gpio_f1.c.o)
 .debug_info    0x0000000000008ac6      0xbd5 /home/nilay/STM32/STM32-ArduinoWithDebug/blink/.build/genericSTM32F103C/core/core.a(i2c_f1.c.o)
 .debug_info    0x000000000000969b      0x5a2 /home/nilay/STM32/STM32-ArduinoWithDebug/blink/.build/genericSTM32F103C/core/core.a(nvic.c.o)
 .debug_info    0x0000000000009c3d      0x556 /home/nilay/STM32/STM32-ArduinoWithDebug/blink/.build/genericSTM32F103C/core/core.a(rcc.c.o)
 .debug_info    0x000000000000a193      0xb64 /home/nilay/STM32/STM32-ArduinoWithDebug/blink/.build/genericSTM32F103C/core/core.a(rcc_f1.c.o)
 .debug_info    0x000000000000acf7      0x182 /home/nilay/STM32/STM32-ArduinoWithDebug/blink/.build/genericSTM32F103C/core/core.a(systick.c.o)
 .debug_info    0x000000000000ae79     0x1b6f /home/nilay/STM32/STM32-ArduinoWithDebug/blink/.build/genericSTM32F103C/core/core.a(timer.c.o)
 .debug_info    0x000000000000c9e8      0xbc4 /home/nilay/STM32/STM32-ArduinoWithDebug/blink/.build/genericSTM32F103C/core/core.a(usart_f1.c.o)
 .debug_info    0x000000000000d5ac      0x595 /home/nilay/STM32/STM32-ArduinoWithDebug/blink/.build/genericSTM32F103C/core/core.a(usart_private.c.o)
 .debug_info    0x000000000000db41      0xad2 /home/nilay/STM32/STM32-ArduinoWithDebug/blink/.build/genericSTM32F103C/core/core.a(util.c.o)
 .debug_info    0x000000000000e613      0xd16 /home/nilay/STM32/STM32-ArduinoWithDebug/blink/.build/genericSTM32F103C/core/core.a(usb.c.o)
 .debug_info    0x000000000000f329     0x22d2 /home/nilay/STM32/STM32-ArduinoWithDebug/blink/.build/genericSTM32F103C/core/core.a(usb_cdcacm.c.o)
 .debug_info    0x00000000000115fb      0x26c /home/nilay/STM32/STM32-ArduinoWithDebug/blink/.build/genericSTM32F103C/core/core.a(usb_reg_map.c.o)
 .debug_info    0x0000000000011867      0xddf /home/nilay/STM32/STM32-ArduinoWithDebug/blink/.build/genericSTM32F103C/core/core.a(usb_core.c.o)
 .debug_info    0x0000000000012646      0x3ed /home/nilay/STM32/STM32-ArduinoWithDebug/blink/.build/genericSTM32F103C/core/core.a(usb_init.c.o)
 .debug_info    0x0000000000012a33      0x17b /home/nilay/STM32/STM32-ArduinoWithDebug/blink/.build/genericSTM32F103C/core/core.a(usb_mem.c.o)
 .debug_info    0x0000000000012bae      0xc88 /home/nilay/STM32/STM32-ArduinoWithDebug/blink/.build/genericSTM32F103C/core/core.a(usb_regs.c.o)
 .debug_info    0x0000000000013836     0x29ea /home/nilay/STM32/STM32-ArduinoWithDebug/blink/.build/genericSTM32F103C/core/core.a(HardwareSerial.cpp.o)
 .debug_info    0x0000000000016220     0x258c /home/nilay/STM32/STM32-ArduinoWithDebug/blink/.build/genericSTM32F103C/core/core.a(Print.cpp.o)
 .debug_info    0x00000000000187ac       0x33 /home/nilay/STM32/STM32-ArduinoWithDebug/blink/.build/genericSTM32F103C/core/core.a(cxxabi-compat.cpp.o)
 .debug_info    0x00000000000187df       0x99 /home/nilay/STM32/STM32-ArduinoWithDebug/blink/.build/genericSTM32F103C/core/core.a(main.cpp.o)
 .debug_info    0x0000000000018878     0x2b06 /home/nilay/STM32/STM32-ArduinoWithDebug/blink/.build/genericSTM32F103C/core/core.a(usb_serial.cpp.o)
 .debug_info    0x000000000001b37e      0xb0b /home/nilay/STM32/STM32-ArduinoWithDebug/blink/.build/genericSTM32F103C/core/core.a(wirish_digital.cpp.o)
 .debug_info    0x000000000001be89      0x2c6 /home/nilay/STM32/STM32-ArduinoWithDebug/blink/.build/genericSTM32F103C/core/core.a(wirish_time.cpp.o)
 .debug_info    0x000000000001c14f      0xc8a /home/nilay/STM32/STM32-ArduinoWithDebug/blink/.build/genericSTM32F103C/core/core.a(wirish_digital_f1.cpp.o)
 .debug_info    0x000000000001cdd9       0x33 /home/nilay/STM32/STM32-ArduinoWithDebug/blink/.build/genericSTM32F103C/core/core.a(hooks.c.o)
 .debug_info    0x000000000001ce0c      0x4ca /home/nilay/STM32/STM32-ArduinoWithDebug/blink/.build/genericSTM32F103C/core/core.a(bkp_f1.c.o)
 .debug_info    0x000000000001d2d6      0x6f7 /home/nilay/STM32/STM32-ArduinoWithDebug/blink/.build/genericSTM32F103C/core/core.a(dma.c.o)
 .debug_info    0x000000000001d9cd      0x313 /home/nilay/STM32/STM32-ArduinoWithDebug/blink/.build/genericSTM32F103C/core/core.a(gpio.c.o)
 .debug_info    0x000000000001dce0     0x160a /home/nilay/STM32/STM32-ArduinoWithDebug/blink/.build/genericSTM32F103C/core/core.a(i2c.c.o)
 .debug_info    0x000000000001f2ea      0xc32 /home/nilay/STM32/STM32-ArduinoWithDebug/blink/.build/genericSTM32F103C/core/core.a(usart.c.o)

.debug_abbrev   0x0000000000000000     0x609e
 *(.debug_abbrev)
 .debug_abbrev  0x0000000000000000      0x154 /home/nilay/STM32/STM32-ArduinoWithDebug/blink/.build/genericSTM32F103C/sketch/blink.ino.cpp.o
 .debug_abbrev  0x0000000000000154       0x14 /home/nilay/STM32/STM32-ArduinoWithDebug/blink/.build/genericSTM32F103C/core/wirish/start.S.o
 .debug_abbrev  0x0000000000000168      0x11f /home/nilay/STM32/STM32-ArduinoWithDebug/blink/.build/genericSTM32F103C/core/wirish/start_c.c.o
 .debug_abbrev  0x0000000000000287      0x17e /home/nilay/STM32/STM32-ArduinoWithDebug/blink/.build/genericSTM32F103C/core/wirish/syscalls.c.o
 .debug_abbrev  0x0000000000000405      0x1ea /home/nilay/STM32/STM32-ArduinoWithDebug/blink/.build/genericSTM32F103C/core/board.cpp.o
 .debug_abbrev  0x00000000000005ef      0x3dd /home/nilay/STM32/STM32-ArduinoWithDebug/blink/.build/genericSTM32F103C/core/wirish/boards.cpp.o
 .debug_abbrev  0x00000000000009cc      0x2af /home/nilay/STM32/STM32-ArduinoWithDebug/blink/.build/genericSTM32F103C/core/wirish/boards_setup.cpp.o
 .debug_abbrev  0x0000000000000c7b       0x14 /home/nilay/STM32/STM32-ArduinoWithDebug/blink/.build/genericSTM32F103C/core/core.a(exc.S.o)
 .debug_abbrev  0x0000000000000c8f       0x14 /home/nilay/STM32/STM32-ArduinoWithDebug/blink/.build/genericSTM32F103C/core/core.a(isrs.S.o)
 .debug_abbrev  0x0000000000000ca3      0x20b /home/nilay/STM32/STM32-ArduinoWithDebug/blink/.build/genericSTM32F103C/core/core.a(adc.c.o)
 .debug_abbrev  0x0000000000000eae      0x2e6 /home/nilay/STM32/STM32-ArduinoWithDebug/blink/.build/genericSTM32F103C/core/core.a(adc_f1.c.o)
 .debug_abbrev  0x0000000000001194      0x3dd /home/nilay/STM32/STM32-ArduinoWithDebug/blink/.build/genericSTM32F103C/core/core.a(dma_f1.c.o)
 .debug_abbrev  0x0000000000001571      0x2a5 /home/nilay/STM32/STM32-ArduinoWithDebug/blink/.build/genericSTM32F103C/core/core.a(exti.c.o)
 .debug_abbrev  0x0000000000001816       0xdb /home/nilay/STM32/STM32-ArduinoWithDebug/blink/.build/genericSTM32F103C/core/core.a(exti_f1.c.o)
 .debug_abbrev  0x00000000000018f1       0x9f /home/nilay/STM32/STM32-ArduinoWithDebug/blink/.build/genericSTM32F103C/core/core.a(flash.c.o)
 .debug_abbrev  0x0000000000001990      0x191 /home/nilay/STM32/STM32-ArduinoWithDebug/blink/.build/genericSTM32F103C/core/core.a(gpio_f1.c.o)
 .debug_abbrev  0x0000000000001b21      0x202 /home/nilay/STM32/STM32-ArduinoWithDebug/blink/.build/genericSTM32F103C/core/core.a(i2c_f1.c.o)
 .debug_abbrev  0x0000000000001d23      0x1ac /home/nilay/STM32/STM32-ArduinoWithDebug/blink/.build/genericSTM32F103C/core/core.a(nvic.c.o)
 .debug_abbrev  0x0000000000001ecf      0x17f /home/nilay/STM32/STM32-ArduinoWithDebug/blink/.build/genericSTM32F103C/core/core.a(rcc.c.o)
 .debug_abbrev  0x000000000000204e      0x28c /home/nilay/STM32/STM32-ArduinoWithDebug/blink/.build/genericSTM32F103C/core/core.a(rcc_f1.c.o)
 .debug_abbrev  0x00000000000022da      0x10f /home/nilay/STM32/STM32-ArduinoWithDebug/blink/.build/genericSTM32F103C/core/core.a(systick.c.o)
 .debug_abbrev  0x00000000000023e9      0x474 /home/nilay/STM32/STM32-ArduinoWithDebug/blink/.build/genericSTM32F103C/core/core.a(timer.c.o)
 .debug_abbrev  0x000000000000285d      0x292 /home/nilay/STM32/STM32-ArduinoWithDebug/blink/.build/genericSTM32F103C/core/core.a(usart_f1.c.o)
 .debug_abbrev  0x0000000000002aef      0x144 /home/nilay/STM32/STM32-ArduinoWithDebug/blink/.build/genericSTM32F103C/core/core.a(usart_private.c.o)
 .debug_abbrev  0x0000000000002c33      0x2c9 /home/nilay/STM32/STM32-ArduinoWithDebug/blink/.build/genericSTM32F103C/core/core.a(util.c.o)
 .debug_abbrev  0x0000000000002efc      0x352 /home/nilay/STM32/STM32-ArduinoWithDebug/blink/.build/genericSTM32F103C/core/core.a(usb.c.o)
 .debug_abbrev  0x000000000000324e      0x47d /home/nilay/STM32/STM32-ArduinoWithDebug/blink/.build/genericSTM32F103C/core/core.a(usb_cdcacm.c.o)
 .debug_abbrev  0x00000000000036cb      0x193 /home/nilay/STM32/STM32-ArduinoWithDebug/blink/.build/genericSTM32F103C/core/core.a(usb_reg_map.c.o)
 .debug_abbrev  0x000000000000385e      0x3a6 /home/nilay/STM32/STM32-ArduinoWithDebug/blink/.build/genericSTM32F103C/core/core.a(usb_core.c.o)
 .debug_abbrev  0x0000000000003c04      0x101 /home/nilay/STM32/STM32-ArduinoWithDebug/blink/.build/genericSTM32F103C/core/core.a(usb_init.c.o)
 .debug_abbrev  0x0000000000003d05       0x90 /home/nilay/STM32/STM32-ArduinoWithDebug/blink/.build/genericSTM32F103C/core/core.a(usb_mem.c.o)
 .debug_abbrev  0x0000000000003d95      0x1f3 /home/nilay/STM32/STM32-ArduinoWithDebug/blink/.build/genericSTM32F103C/core/core.a(usb_regs.c.o)
 .debug_abbrev  0x0000000000003f88      0x535 /home/nilay/STM32/STM32-ArduinoWithDebug/blink/.build/genericSTM32F103C/core/core.a(HardwareSerial.cpp.o)
 .debug_abbrev  0x00000000000044bd      0x414 /home/nilay/STM32/STM32-ArduinoWithDebug/blink/.build/genericSTM32F103C/core/core.a(Print.cpp.o)
 .debug_abbrev  0x00000000000048d1       0x28 /home/nilay/STM32/STM32-ArduinoWithDebug/blink/.build/genericSTM32F103C/core/core.a(cxxabi-compat.cpp.o)
 .debug_abbrev  0x00000000000048f9       0x7b /home/nilay/STM32/STM32-ArduinoWithDebug/blink/.build/genericSTM32F103C/core/core.a(main.cpp.o)
 .debug_abbrev  0x0000000000004974      0x665 /home/nilay/STM32/STM32-ArduinoWithDebug/blink/.build/genericSTM32F103C/core/core.a(usb_serial.cpp.o)
 .debug_abbrev  0x0000000000004fd9      0x17e /home/nilay/STM32/STM32-ArduinoWithDebug/blink/.build/genericSTM32F103C/core/core.a(wirish_digital.cpp.o)
 .debug_abbrev  0x0000000000005157      0x189 /home/nilay/STM32/STM32-ArduinoWithDebug/blink/.build/genericSTM32F103C/core/core.a(wirish_time.cpp.o)
 .debug_abbrev  0x00000000000052e0      0x240 /home/nilay/STM32/STM32-ArduinoWithDebug/blink/.build/genericSTM32F103C/core/core.a(wirish_digital_f1.cpp.o)
 .debug_abbrev  0x0000000000005520       0x26 /home/nilay/STM32/STM32-ArduinoWithDebug/blink/.build/genericSTM32F103C/core/core.a(hooks.c.o)
 .debug_abbrev  0x0000000000005546      0x1c4 /home/nilay/STM32/STM32-ArduinoWithDebug/blink/.build/genericSTM32F103C/core/core.a(bkp_f1.c.o)
 .debug_abbrev  0x000000000000570a      0x182 /home/nilay/STM32/STM32-ArduinoWithDebug/blink/.build/genericSTM32F103C/core/core.a(dma.c.o)
 .debug_abbrev  0x000000000000588c      0x113 /home/nilay/STM32/STM32-ArduinoWithDebug/blink/.build/genericSTM32F103C/core/core.a(gpio.c.o)
 .debug_abbrev  0x000000000000599f      0x400 /home/nilay/STM32/STM32-ArduinoWithDebug/blink/.build/genericSTM32F103C/core/core.a(i2c.c.o)
 .debug_abbrev  0x0000000000005d9f      0x2ff /home/nilay/STM32/STM32-ArduinoWithDebug/blink/.build/genericSTM32F103C/core/core.a(usart.c.o)

.debug_line     0x0000000000000000     0x9af1
 *(.debug_line)
 .debug_line    0x0000000000000000      0x35c /home/nilay/STM32/STM32-ArduinoWithDebug/blink/.build/genericSTM32F103C/sketch/blink.ino.cpp.o
 .debug_line    0x000000000000035c       0xa5 /home/nilay/STM32/STM32-ArduinoWithDebug/blink/.build/genericSTM32F103C/core/wirish/start.S.o
 .debug_line    0x0000000000000401       0xb6 /home/nilay/STM32/STM32-ArduinoWithDebug/blink/.build/genericSTM32F103C/core/wirish/start_c.c.o
 .debug_line    0x00000000000004b7      0x2db /home/nilay/STM32/STM32-ArduinoWithDebug/blink/.build/genericSTM32F103C/core/wirish/syscalls.c.o
 .debug_line    0x0000000000000792      0x3e8 /home/nilay/STM32/STM32-ArduinoWithDebug/blink/.build/genericSTM32F103C/core/board.cpp.o
 .debug_line    0x0000000000000b7a      0x46f /home/nilay/STM32/STM32-ArduinoWithDebug/blink/.build/genericSTM32F103C/core/wirish/boards.cpp.o
 .debug_line    0x0000000000000fe9      0x452 /home/nilay/STM32/STM32-ArduinoWithDebug/blink/.build/genericSTM32F103C/core/wirish/boards_setup.cpp.o
 .debug_line    0x000000000000143b       0xa8 /home/nilay/STM32/STM32-ArduinoWithDebug/blink/.build/genericSTM32F103C/core/core.a(exc.S.o)